Archive member included to satisfy reference by file (symbol)

c:/devkitpro/devkitarm/bin/../lib/gcc/arm-none-eabi/11.1.0/../../../../arm-none-eabi/lib/thumb\libm.a(lib_a-w_exp.o)
                              keymain.o (exp)
c:/devkitpro/devkitarm/bin/../lib/gcc/arm-none-eabi/11.1.0/../../../../arm-none-eabi/lib/thumb\libm.a(lib_a-w_log10.o)
                              keymain.o (log10)
c:/devkitpro/devkitarm/bin/../lib/gcc/arm-none-eabi/11.1.0/../../../../arm-none-eabi/lib/thumb\libm.a(lib_a-w_pow.o)
                              keymain.o (pow)
c:/devkitpro/devkitarm/bin/../lib/gcc/arm-none-eabi/11.1.0/../../../../arm-none-eabi/lib/thumb\libm.a(lib_a-e_exp.o)
                              c:/devkitpro/devkitarm/bin/../lib/gcc/arm-none-eabi/11.1.0/../../../../arm-none-eabi/lib/thumb\libm.a(lib_a-w_exp.o) (__ieee754_exp)
c:/devkitpro/devkitarm/bin/../lib/gcc/arm-none-eabi/11.1.0/../../../../arm-none-eabi/lib/thumb\libm.a(lib_a-e_log10.o)
                              c:/devkitpro/devkitarm/bin/../lib/gcc/arm-none-eabi/11.1.0/../../../../arm-none-eabi/lib/thumb\libm.a(lib_a-w_log10.o) (__ieee754_log10)
c:/devkitpro/devkitarm/bin/../lib/gcc/arm-none-eabi/11.1.0/../../../../arm-none-eabi/lib/thumb\libm.a(lib_a-e_log.o)
                              c:/devkitpro/devkitarm/bin/../lib/gcc/arm-none-eabi/11.1.0/../../../../arm-none-eabi/lib/thumb\libm.a(lib_a-e_log10.o) (__ieee754_log)
c:/devkitpro/devkitarm/bin/../lib/gcc/arm-none-eabi/11.1.0/../../../../arm-none-eabi/lib/thumb\libm.a(lib_a-e_pow.o)
                              c:/devkitpro/devkitarm/bin/../lib/gcc/arm-none-eabi/11.1.0/../../../../arm-none-eabi/lib/thumb\libm.a(lib_a-w_pow.o) (__ieee754_pow)
c:/devkitpro/devkitarm/bin/../lib/gcc/arm-none-eabi/11.1.0/../../../../arm-none-eabi/lib/thumb\libm.a(lib_a-e_sqrt.o)
                              c:/devkitpro/devkitarm/bin/../lib/gcc/arm-none-eabi/11.1.0/../../../../arm-none-eabi/lib/thumb\libm.a(lib_a-e_pow.o) (__ieee754_sqrt)
c:/devkitpro/devkitarm/bin/../lib/gcc/arm-none-eabi/11.1.0/../../../../arm-none-eabi/lib/thumb\libm.a(lib_a-math_err.o)
                              c:/devkitpro/devkitarm/bin/../lib/gcc/arm-none-eabi/11.1.0/../../../../arm-none-eabi/lib/thumb\libm.a(lib_a-e_exp.o) (__math_uflow)
c:/devkitpro/devkitarm/bin/../lib/gcc/arm-none-eabi/11.1.0/../../../../arm-none-eabi/lib/thumb\libm.a(lib_a-s_fabs.o)
                              c:/devkitpro/devkitarm/bin/../lib/gcc/arm-none-eabi/11.1.0/../../../../arm-none-eabi/lib/thumb\libm.a(lib_a-e_pow.o) (fabs)
c:/devkitpro/devkitarm/bin/../lib/gcc/arm-none-eabi/11.1.0/../../../../arm-none-eabi/lib/thumb\libm.a(lib_a-s_finite.o)
                              c:/devkitpro/devkitarm/bin/../lib/gcc/arm-none-eabi/11.1.0/../../../../arm-none-eabi/lib/thumb\libm.a(lib_a-w_exp.o) (finite)
c:/devkitpro/devkitarm/bin/../lib/gcc/arm-none-eabi/11.1.0/../../../../arm-none-eabi/lib/thumb\libm.a(lib_a-s_nan.o)
                              c:/devkitpro/devkitarm/bin/../lib/gcc/arm-none-eabi/11.1.0/../../../../arm-none-eabi/lib/thumb\libm.a(lib_a-w_log10.o) (nan)
c:/devkitpro/devkitarm/bin/../lib/gcc/arm-none-eabi/11.1.0/../../../../arm-none-eabi/lib/thumb\libm.a(lib_a-s_scalbn.o)
                              c:/devkitpro/devkitarm/bin/../lib/gcc/arm-none-eabi/11.1.0/../../../../arm-none-eabi/lib/thumb\libm.a(lib_a-e_pow.o) (scalbn)
C:/devkitPro/libnds/lib\libfat.a(libfat.o)
                              keymain.o (fatInitDefault)
C:/devkitPro/libnds/lib\libfat.a(disc.o)
                              C:/devkitPro/libnds/lib\libfat.a(libfat.o) (_FAT_disc_interfaces)
C:/devkitPro/libnds/lib\libfat.a(fatfile.o)
                              C:/devkitPro/libnds/lib\libfat.a(libfat.o) (_FAT_open_r)
C:/devkitPro/libnds/lib\libfat.a(cache.o)
                              C:/devkitPro/libnds/lib\libfat.a(fatfile.o) (_FAT_cache_readSectors)
C:/devkitPro/libnds/lib\libfat.a(fatdir.o)
                              C:/devkitPro/libnds/lib\libfat.a(libfat.o) (_FAT_stat_r)
C:/devkitPro/libnds/lib\libfat.a(directory.o)
                              C:/devkitPro/libnds/lib\libfat.a(fatfile.o) (_FAT_directory_entryGetCluster)
C:/devkitPro/libnds/lib\libfat.a(partition.o)
                              C:/devkitPro/libnds/lib\libfat.a(libfat.o) (_FAT_partition_destructor)
C:/devkitPro/libnds/lib\libfat.a(lock.o)
                              C:/devkitPro/libnds/lib\libfat.a(partition.o) (_FAT_lock_init)
C:/devkitPro/libnds/lib\libfat.a(filetime.o)
                              C:/devkitPro/libnds/lib\libfat.a(fatfile.o) (_FAT_filetime_getTimeFromRTC)
C:/devkitPro/libnds/lib\libfat.a(file_allocation_table.o)
                              C:/devkitPro/libnds/lib\libfat.a(fatfile.o) (_FAT_fat_nextCluster)
C:/devkitPro/libnds/lib\libnds9.a(background.o)
                              keymain.o (bgState)
C:/devkitPro/libnds/lib\libnds9.a(touch.o)
                              keymain.o (touchRead)
[...]
Memory Configuration

Name             Origin             Length             Attributes
ewram            0x0000000002000000 0x0000000000380000
dtcm             0x0000000002ff0000 0x0000000000004000
vectors          0x0000000001000000 0x0000000000000100
itcm             0x0000000001000100 0x0000000000007f00
*default*        0x0000000000000000 0xffffffffffffffff

Linker script and memory map

                0x0000000002380000                __ewram_end = (ORIGIN (ewram) + LENGTH (ewram))
                0x0000000002380000                __eheap_end = (ORIGIN (ewram) + LENGTH (ewram))
                0x0000000002ff4000                __dtcm_top = (ORIGIN (dtcm) + LENGTH (dtcm))
                0x0000000002ff3ff8                __irq_flags = (__dtcm_top - 0x8)
                0x0000000002ff3ffc                __irq_vector = (__dtcm_top - 0x4)
                0x0000000002ff3f00                __sp_svc = (__dtcm_top - 0x100)
                0x0000000002ff3e00                __sp_irq = (__sp_svc - 0x100)
                0x0000000002ff3d00                __sp_usr = (__sp_irq - 0x100)

.secure         0x0000000002000000      0x800
 *(.secure)
 .secure        0x0000000002000000      0x800 C:/devkitPro/libnds/lib\libnds9.a(securearea.o)
                0x0000000002000000                __secure_area__

.crt0           0x0000000002000800      0x300
                0x0000000002000800                __text_start = .
 *(.crt0)
 .crt0          0x0000000002000800      0x300 c:/devkitpro/devkitarm/bin/../lib/gcc/arm-none-eabi/11.1.0/../../../../arm-none-eabi/lib/thumb/ds_arm9_crt0.o
                0x0000000002000800                _start
                0x0000000002000b00                . = ALIGN (0x4)

.plt
 *(.plt)

.init           0x0000000002000b00        0xc
 *(SORT_NONE(.init))
 .init          0x0000000002000b00        0x4 c:/devkitpro/devkitarm/bin/../lib/gcc/arm-none-eabi/11.1.0/thumb/crti.o
                0x0000000002000b00                _init
 .init          0x0000000002000b04        0x8 c:/devkitpro/devkitarm/bin/../lib/gcc/arm-none-eabi/11.1.0/thumb/crtn.o

.text           0x0000000002000b40    0x1b260
 *(EXCLUDE_FILE(*.twl* *.vectors* *.itcm*) .text)
 .text          0x0000000002000b40     0x4000 C:/devkitPro/libnds/lib\libnds9.a(dldi_stub.o)
                0x0000000002000b40                _io_dldi_stub
 .text          0x0000000002004b40      0x11c c:/devkitpro/devkitarm/bin/../lib/gcc/arm-none-eabi/11.1.0/thumb\libgcc.a(_udivsi3.o)
                0x0000000002004b40                __aeabi_uidiv
                0x0000000002004b40                __udivsi3
                0x0000000002004c3c                __aeabi_uidivmod
 .text          0x0000000002004c5c      0x150 c:/devkitpro/devkitarm/bin/../lib/gcc/arm-none-eabi/11.1.0/thumb\libgcc.a(_divsi3.o)
                0x0000000002004c5c                __divsi3
                0x0000000002004c5c                __aeabi_idiv
                0x0000000002004d8c                __aeabi_idivmod
 .text          0x0000000002004dac        0x4 c:/devkitpro/devkitarm/bin/../lib/gcc/arm-none-eabi/11.1.0/thumb\libgcc.a(_dvmd_tls.o)
                0x0000000002004dac                __aeabi_idiv0
                0x0000000002004dac                __aeabi_ldiv0
 .text          0x0000000002004db0      0x424 c:/devkitpro/devkitarm/bin/../lib/gcc/arm-none-eabi/11.1.0/thumb\libgcc.a(_arm_addsubdf3.o)
                0x0000000002004db0                __aeabi_drsub
                0x0000000002004db8                __aeabi_dsub
                0x0000000002004db8                __subdf3
                0x0000000002004dbc                __aeabi_dadd
                0x0000000002004dbc                __adddf3
                0x00000000020050cc                __floatunsidf
                0x00000000020050cc                __aeabi_ui2d
                0x00000000020050f0                __floatsidf
                0x00000000020050f0                __aeabi_i2d
                0x0000000002005118                __aeabi_f2d
                0x0000000002005118                __extendsfdf2
                0x0000000002005160                __floatundidf
                0x0000000002005160                __aeabi_ul2d
                0x0000000002005174                __floatdidf
                0x0000000002005174                __aeabi_l2d
 .text          0x00000000020051d4      0x49c c:/devkitpro/devkitarm/bin/../lib/gcc/arm-none-eabi/11.1.0/thumb\libgcc.a(_arm_muldivdf3.o)
                0x00000000020051d4                __aeabi_dmul
                0x00000000020051d4                __muldf3
                0x0000000002005464                __divdf3
                0x0000000002005464                __aeabi_ddiv
 .text          0x0000000002005670      0x144 c:/devkitpro/devkitarm/bin/../lib/gcc/arm-none-eabi/11.1.0/thumb\libgcc.a(_arm_cmpdf2.o)
                0x0000000002005670                __gtdf2
                0x0000000002005670                __gedf2
                0x0000000002005678                __ltdf2
                0x0000000002005678                __ledf2
                0x0000000002005680                __nedf2
                0x0000000002005680                __eqdf2
                0x0000000002005680                __cmpdf2
                0x0000000002005708                __aeabi_cdrcmple
                0x0000000002005724                __aeabi_cdcmpeq
                0x0000000002005724                __aeabi_cdcmple
                0x000000000200573c                __aeabi_dcmpeq
                0x0000000002005754                __aeabi_dcmplt
                0x000000000200576c                __aeabi_dcmple
                0x0000000002005784                __aeabi_dcmpge
                0x000000000200579c                __aeabi_dcmpgt
 .text          0x00000000020057b4       0x38 c:/devkitpro/devkitarm/bin/../lib/gcc/arm-none-eabi/11.1.0/thumb\libgcc.a(_arm_unorddf2.o)
                0x00000000020057b4                __unorddf2
                0x00000000020057b4                __aeabi_dcmpun
 .text          0x00000000020057ec       0x5c c:/devkitpro/devkitarm/bin/../lib/gcc/arm-none-eabi/11.1.0/thumb\libgcc.a(_arm_fixdfsi.o)
                0x00000000020057ec                __aeabi_d2iz
                0x00000000020057ec                __fixdfsi
 .text          0x0000000002005848       0xd4 c:/devkitpro/devkitarm/bin/../lib/gcc/arm-none-eabi/11.1.0/thumb\libgcc.a(_aeabi_ldivmod.o)
                0x0000000002005848                __aeabi_ldivmod
 .text          0x000000000200591c       0x54 c:/devkitpro/devkitarm/bin/../lib/gcc/arm-none-eabi/11.1.0/thumb\libgcc.a(_arm_fixunsdfsi.o)
                0x000000000200591c                __aeabi_d2uiz
                0x000000000200591c                __fixunsdfsi
 .text          0x0000000002005970       0x28 c:/devkitpro/devkitarm/bin/../lib/gcc/arm-none-eabi/11.1.0/thumb\libgcc.a(_clzdi2.o)
                0x0000000002005970                __clzdi2
 .text          0x0000000002005998       0x48 c:/devkitpro/devkitarm/bin/../lib/gcc/arm-none-eabi/11.1.0/thumb\libgcc.a(_clzsi2.o)
                0x0000000002005998                __clzsi2
 .text          0x00000000020059e0      0x224 c:/devkitpro/devkitarm/bin/../lib/gcc/arm-none-eabi/11.1.0/../../../../arm-none-eabi/lib/thumb\libg.a(lib_a-strcmp.o)
                0x00000000020059e0                strcmp
 .text          0x0000000002005c04       0x14 c:/devkitpro/devkitarm/bin/../lib/gcc/arm-none-eabi/11.1.0/thumb\libgcc.a(_thumb1_case_uqi.o)
                0x0000000002005c04                __gnu_thumb1_case_uqi
 .text          0x0000000002005c18       0x14 c:/devkitpro/devkitarm/bin/../lib/gcc/arm-none-eabi/11.1.0/thumb\libgcc.a(_thumb1_case_uhi.o)
                0x0000000002005c18                __gnu_thumb1_case_uhi
 .text          0x0000000002005c2c       0x3c c:/devkitpro/devkitarm/bin/../lib/gcc/arm-none-eabi/11.1.0/thumb\libgcc.a(_aeabi_uldivmod.o)
                0x0000000002005c2c                __aeabi_uldivmod
 *(EXCLUDE_FILE(*.twl* *.vectors* *.itcm*) .stub)
 *(EXCLUDE_FILE(*.twl* *.vectors* *.itcm*) .text.*)
 .text.__do_global_dtors_aux
                0x0000000002005c68       0x2c c:/devkitpro/devkitarm/bin/../lib/gcc/arm-none-eabi/11.1.0/thumb/crtbegin.o
 .text.frame_dummy
                0x0000000002005c94       0x24 c:/devkitpro/devkitarm/bin/../lib/gcc/arm-none-eabi/11.1.0/thumb/crtbegin.o
 .text.startup  0x0000000002005cb8      0xf48 keymain.o
                0x0000000002005cb8                main
 .text.exp      0x0000000002006c00       0x74 c:/devkitpro/devkitarm/bin/../lib/gcc/arm-none-eabi/11.1.0/../../../../arm-none-eabi/lib/thumb\libm.a(lib_a-w_exp.o)
                0x0000000002006c00                exp
 .text.log10    0x0000000002006c74       0x70 c:/devkitpro/devkitarm/bin/../lib/gcc/arm-none-eabi/11.1.0/../../../../arm-none-eabi/lib/thumb\libm.a(lib_a-w_log10.o)
                0x0000000002006c74                log10
 .text.pow      0x0000000002006ce4       0xec c:/devkitpro/devkitarm/bin/../lib/gcc/arm-none-eabi/11.1.0/../../../../arm-none-eabi/lib/thumb\libm.a(lib_a-w_pow.o)
                0x0000000002006ce4                pow
 .text.__ieee754_exp
                0x0000000002006dd0      0x374 c:/devkitpro/devkitarm/bin/../lib/gcc/arm-none-eabi/11.1.0/../../../../arm-none-eabi/lib/thumb\libm.a(lib_a-e_exp.o)
                0x0000000002006dd0                __ieee754_exp
 .text.__ieee754_log10
                0x0000000002007144      0x124 c:/devkitpro/devkitarm/bin/../lib/gcc/arm-none-eabi/11.1.0/../../../../arm-none-eabi/lib/thumb\libm.a(lib_a-e_log10.o)
                0x0000000002007144                __ieee754_log10
 .text.__ieee754_log
                0x0000000002007268      0x3b4 c:/devkitpro/devkitarm/bin/../lib/gcc/arm-none-eabi/11.1.0/../../../../arm-none-eabi/lib/thumb\libm.a(lib_a-e_log.o)
                0x0000000002007268                __ieee754_log
 .text.__ieee754_pow
                0x000000000200761c      0xb48 c:/devkitpro/devkitarm/bin/../lib/gcc/arm-none-eabi/11.1.0/../../../../arm-none-eabi/lib/thumb\libm.a(lib_a-e_pow.o)
                0x000000000200761c                __ieee754_pow
 .text.__ieee754_sqrt
                0x0000000002008164      0x19c c:/devkitpro/devkitarm/bin/../lib/gcc/arm-none-eabi/11.1.0/../../../../arm-none-eabi/lib/thumb\libm.a(lib_a-e_sqrt.o)
                0x0000000002008164                __ieee754_sqrt
 .text.with_errno
                0x0000000002008300       0x18 c:/devkitpro/devkitarm/bin/../lib/gcc/arm-none-eabi/11.1.0/../../../../arm-none-eabi/lib/thumb\libm.a(lib_a-math_err.o)
 .text.xflow    0x0000000002008318       0x34 c:/devkitpro/devkitarm/bin/../lib/gcc/arm-none-eabi/11.1.0/../../../../arm-none-eabi/lib/thumb\libm.a(lib_a-math_err.o)
 .text.__math_uflow
                0x000000000200834c       0x14 c:/devkitpro/devkitarm/bin/../lib/gcc/arm-none-eabi/11.1.0/../../../../arm-none-eabi/lib/thumb\libm.a(lib_a-math_err.o)
                0x000000000200834c                __math_uflow
 .text.__math_oflow
                0x0000000002008360       0x14 c:/devkitpro/devkitarm/bin/../lib/gcc/arm-none-eabi/11.1.0/../../../../arm-none-eabi/lib/thumb\libm.a(lib_a-math_err.o)
                0x0000000002008360                __math_oflow
 .text.fabs     0x0000000002008374        0x8 c:/devkitpro/devkitarm/bin/../lib/gcc/arm-none-eabi/11.1.0/../../../../arm-none-eabi/lib/thumb\libm.a(lib_a-s_fabs.o)
                0x0000000002008374                fabs
 .text.finite   0x000000000200837c       0x14 c:/devkitpro/devkitarm/bin/../lib/gcc/arm-none-eabi/11.1.0/../../../../arm-none-eabi/lib/thumb\libm.a(lib_a-s_finite.o)
                0x000000000200837c                finite
 .text.nan      0x0000000002008390        0xc c:/devkitpro/devkitarm/bin/../lib/gcc/arm-none-eabi/11.1.0/../../../../arm-none-eabi/lib/thumb\libm.a(lib_a-s_nan.o)
                0x0000000002008390                nan
 .text.scalbn   0x000000000200839c       0xe4 c:/devkitpro/devkitarm/bin/../lib/gcc/arm-none-eabi/11.1.0/../../../../arm-none-eabi/lib/thumb\libm.a(lib_a-s_scalbn.o)
                0x000000000200839c                scalbn
 .text.fatMount.part.0
                0x0000000002008480       0xa0 C:/devkitPro/libnds/lib\libfat.a(libfat.o)
 .text.fatMount
                0x0000000002008520       0x3c C:/devkitPro/libnds/lib\libfat.a(libfat.o)
                0x0000000002008520                fatMount
 .text.fatInit  0x000000000200855c      0x130 C:/devkitPro/libnds/lib\libfat.a(libfat.o)
                0x000000000200855c                fatInit
 .text.fatInitDefault
                0x000000000200868c        0xc C:/devkitPro/libnds/lib\libfat.a(libfat.o)
                0x000000000200868c                fatInitDefault
 .text._FAT_check_position_for_next_cluster.part.0
                0x0000000002008698       0x68 C:/devkitPro/libnds/lib\libfat.a(fatfile.o)
 .text._FAT_syncToDisc.part.0
                0x0000000002008700       0xd4 C:/devkitPro/libnds/lib\libfat.a(fatfile.o)
 .text._FAT_file_extend_r
                0x00000000020087d4      0x208 C:/devkitPro/libnds/lib\libfat.a(fatfile.o)
 .text._FAT_open_r
                0x00000000020089dc      0x2d4 C:/devkitPro/libnds/lib\libfat.a(fatfile.o)
                0x00000000020089dc                _FAT_open_r
 .text._FAT_close_r
                0x0000000002008cb0       0x74 C:/devkitPro/libnds/lib\libfat.a(fatfile.o)
                0x0000000002008cb0                _FAT_close_r
 .text._FAT_read_r
                0x0000000002008d24      0x398 C:/devkitPro/libnds/lib\libfat.a(fatfile.o)
                0x0000000002008d24                _FAT_read_r
 .text._FAT_write_r
                0x00000000020090bc      0x53c C:/devkitPro/libnds/lib\libfat.a(fatfile.o)
                0x00000000020090bc                _FAT_write_r
 .text._FAT_seek_r
                0x00000000020095f8      0x194 C:/devkitPro/libnds/lib\libfat.a(fatfile.o)
                0x00000000020095f8                _FAT_seek_r
 .text._FAT_fstat_r
                0x000000000200978c       0x8c C:/devkitPro/libnds/lib\libfat.a(fatfile.o)
                0x000000000200978c                _FAT_fstat_r
 .text._FAT_ftruncate_r
                0x0000000002009818      0x16c C:/devkitPro/libnds/lib\libfat.a(fatfile.o)
                0x0000000002009818                _FAT_ftruncate_r
 .text._FAT_fsync_r
                0x0000000002009984       0x44 C:/devkitPro/libnds/lib\libfat.a(fatfile.o)
                0x0000000002009984                _FAT_fsync_r
 .text._FAT_cache_getPage
                0x00000000020099c8       0xf0 C:/devkitPro/libnds/lib\libfat.a(cache.o)
 .text._FAT_cache_constructor
                0x0000000002009ab8       0x90 C:/devkitPro/libnds/lib\libfat.a(cache.o)
                0x0000000002009ab8                _FAT_cache_constructor
 .text._FAT_cache_readSectors
                0x0000000002009b48       0x60 C:/devkitPro/libnds/lib\libfat.a(cache.o)
                0x0000000002009b48                _FAT_cache_readSectors
 .text._FAT_cache_readPartialSector
                0x0000000002009ba8       0x3c C:/devkitPro/libnds/lib\libfat.a(cache.o)
                0x0000000002009ba8                _FAT_cache_readPartialSector
 .text._FAT_cache_readLittleEndianValue
                0x0000000002009be4       0x70 C:/devkitPro/libnds/lib\libfat.a(cache.o)
                0x0000000002009be4                _FAT_cache_readLittleEndianValue
 .text._FAT_cache_writePartialSector
                0x0000000002009c54       0x4c C:/devkitPro/libnds/lib\libfat.a(cache.o)
                0x0000000002009c54                _FAT_cache_writePartialSector
 .text._FAT_cache_writeLittleEndianValue
                0x0000000002009ca0       0x8c C:/devkitPro/libnds/lib\libfat.a(cache.o)
                0x0000000002009ca0                _FAT_cache_writeLittleEndianValue
 .text._FAT_cache_eraseWritePartialSector
                0x0000000002009d2c       0x60 C:/devkitPro/libnds/lib\libfat.a(cache.o)
                0x0000000002009d2c                _FAT_cache_eraseWritePartialSector
 .text._FAT_cache_writeSectors
                0x0000000002009d8c       0x80 C:/devkitPro/libnds/lib\libfat.a(cache.o)
                0x0000000002009d8c                _FAT_cache_writeSectors
 .text._FAT_cache_flush
                0x0000000002009e0c       0x40 C:/devkitPro/libnds/lib\libfat.a(cache.o)
                0x0000000002009e0c                _FAT_cache_flush
 .text._FAT_stat_r
                0x0000000002009e4c       0x90 C:/devkitPro/libnds/lib\libfat.a(fatdir.o)
                0x0000000002009e4c                _FAT_stat_r
 .text._FAT_link_r
                0x0000000002009edc        0xc C:/devkitPro/libnds/lib\libfat.a(fatdir.o)
                0x0000000002009edc                _FAT_link_r
 .text._FAT_unlink_r
                0x0000000002009ee8      0x184 C:/devkitPro/libnds/lib\libfat.a(fatdir.o)
                0x0000000002009ee8                _FAT_unlink_r
 .text._FAT_chdir_r
                0x000000000200a06c       0x70 C:/devkitPro/libnds/lib\libfat.a(fatdir.o)
                0x000000000200a06c                _FAT_chdir_r
 .text._FAT_rename_r
                0x000000000200a0dc      0x1c4 C:/devkitPro/libnds/lib\libfat.a(fatdir.o)
                0x000000000200a0dc                _FAT_rename_r
 .text._FAT_mkdir_r
                0x000000000200a2a0      0x244 C:/devkitPro/libnds/lib\libfat.a(fatdir.o)
                0x000000000200a2a0                _FAT_mkdir_r
 .text._FAT_statvfs_r
                0x000000000200a4e4       0x78 C:/devkitPro/libnds/lib\libfat.a(fatdir.o)
                0x000000000200a4e4                _FAT_statvfs_r
 .text._FAT_diropen_r
                0x000000000200a55c       0xb0 C:/devkitPro/libnds/lib\libfat.a(fatdir.o)
                0x000000000200a55c                _FAT_diropen_r
 .text._FAT_dirreset_r
                0x000000000200a60c       0x4c C:/devkitPro/libnds/lib\libfat.a(fatdir.o)
                0x000000000200a60c                _FAT_dirreset_r
 .text._FAT_dirnext_r
                0x000000000200a658       0x7c C:/devkitPro/libnds/lib\libfat.a(fatdir.o)
                0x000000000200a658                _FAT_dirnext_r
 .text._FAT_dirclose_r
                0x000000000200a6d4       0x20 C:/devkitPro/libnds/lib\libfat.a(fatdir.o)
                0x000000000200a6d4                _FAT_dirclose_r
 .text._FAT_directory_entryGetAlias
                0x000000000200a6f4       0xc8 C:/devkitPro/libnds/lib\libfat.a(directory.o)
 .text._FAT_directory_incrementDirEntryPosition
                0x000000000200a7bc       0x80 C:/devkitPro/libnds/lib\libfat.a(directory.o)
 .text._FAT_directory_mbsncasecmp
                0x000000000200a83c       0xa8 C:/devkitPro/libnds/lib\libfat.a(directory.o)
 .text._FAT_directory_ucs2tombs.constprop.0
                0x000000000200a8e4       0x90 C:/devkitPro/libnds/lib\libfat.a(directory.o)
 .text._FAT_directory_entryGetCluster
                0x000000000200a974       0x20 C:/devkitPro/libnds/lib\libfat.a(directory.o)
                0x000000000200a974                _FAT_directory_entryGetCluster
 .text._FAT_directory_getNextEntry
                0x000000000200a994      0x23c C:/devkitPro/libnds/lib\libfat.a(directory.o)
                0x000000000200a994                _FAT_directory_getNextEntry
 .text._FAT_directory_entryExists
                0x000000000200abd0       0x80 C:/devkitPro/libnds/lib\libfat.a(directory.o)
 .text._FAT_directory_getFirstEntry
                0x000000000200ac50       0x20 C:/devkitPro/libnds/lib\libfat.a(directory.o)
                0x000000000200ac50                _FAT_directory_getFirstEntry
 .text._FAT_directory_getRootEntry
                0x000000000200ac70       0x60 C:/devkitPro/libnds/lib\libfat.a(directory.o)
                0x000000000200ac70                _FAT_directory_getRootEntry
 .text._FAT_directory_entryFromPosition
                0x000000000200acd0      0x150 C:/devkitPro/libnds/lib\libfat.a(directory.o)
                0x000000000200acd0                _FAT_directory_entryFromPosition
 .text._FAT_directory_entryFromPath
                0x000000000200ae20      0x248 C:/devkitPro/libnds/lib\libfat.a(directory.o)
                0x000000000200ae20                _FAT_directory_entryFromPath
 .text._FAT_directory_removeEntry
                0x000000000200b068       0xd8 C:/devkitPro/libnds/lib\libfat.a(directory.o)
                0x000000000200b068                _FAT_directory_removeEntry
 .text._FAT_directory_addEntry
                0x000000000200b140      0x808 C:/devkitPro/libnds/lib\libfat.a(directory.o)
                0x000000000200b140                _FAT_directory_addEntry
 .text._FAT_directory_chdir
                0x000000000200b948       0x3c C:/devkitPro/libnds/lib\libfat.a(directory.o)
                0x000000000200b948                _FAT_directory_chdir
 .text._FAT_directory_entryStat
                0x000000000200b984       0xe4 C:/devkitPro/libnds/lib\libfat.a(directory.o)
                0x000000000200b984                _FAT_directory_entryStat
 .text.isValidMBR
                0x000000000200ba68       0x5c C:/devkitPro/libnds/lib\libfat.a(partition.o)
 .text._FAT_updateFS_INFO
                0x000000000200bac4       0x54 C:/devkitPro/libnds/lib\libfat.a(partition.o)
 .text.FindFirstValidPartition_buf.part.0
                0x000000000200bb18      0x11c C:/devkitPro/libnds/lib\libfat.a(partition.o)
 .text._FAT_partition_getPartitionFromPath
                0x000000000200bc34       0x10 C:/devkitPro/libnds/lib\libfat.a(partition.o)
                0x000000000200bc34                _FAT_partition_getPartitionFromPath
 .text._FAT_partition_createFSinfo
                0x000000000200bc44       0x50 C:/devkitPro/libnds/lib\libfat.a(partition.o)
                0x000000000200bc44                _FAT_partition_createFSinfo
 .text._FAT_partition_readFSinfo.part.0
                0x000000000200bc94       0x74 C:/devkitPro/libnds/lib\libfat.a(partition.o)
 .text._FAT_partition_constructor_buf
                0x000000000200bd08      0x2e8 C:/devkitPro/libnds/lib\libfat.a(partition.o)
                0x000000000200bd08                _FAT_partition_constructor_buf
 .text._FAT_partition_constructor
                0x000000000200bff0       0x40 C:/devkitPro/libnds/lib\libfat.a(partition.o)
                0x000000000200bff0                _FAT_partition_constructor
 .text._FAT_partition_readFSinfo
                0x000000000200c030       0x10 C:/devkitPro/libnds/lib\libfat.a(partition.o)
                0x000000000200c030                _FAT_partition_readFSinfo
 .text._FAT_lock_init
                0x000000000200c040        0x4 C:/devkitPro/libnds/lib\libfat.a(lock.o)
                0x000000000200c040                _FAT_lock_init
 .text._FAT_lock
                0x000000000200c044        0x4 C:/devkitPro/libnds/lib\libfat.a(lock.o)
                0x000000000200c044                _FAT_lock
 .text._FAT_unlock
                0x000000000200c048        0x4 C:/devkitPro/libnds/lib\libfat.a(lock.o)
                0x000000000200c048                _FAT_unlock
 .text._FAT_filetime_getTimeFromRTC
                0x000000000200c04c       0x44 C:/devkitPro/libnds/lib\libfat.a(filetime.o)
                0x000000000200c04c                _FAT_filetime_getTimeFromRTC
 .text._FAT_filetime_getDateFromRTC
                0x000000000200c090       0x44 C:/devkitPro/libnds/lib\libfat.a(filetime.o)
                0x000000000200c090                _FAT_filetime_getDateFromRTC
 .text._FAT_filetime_to_time_t
                0x000000000200c0d4       0x38 C:/devkitPro/libnds/lib\libfat.a(filetime.o)
                0x000000000200c0d4                _FAT_filetime_to_time_t
 .text._FAT_fat_writeFatEntry.part.0.isra.0
                0x000000000200c10c      0x12c C:/devkitPro/libnds/lib\libfat.a(file_allocation_table.o)
 .text._FAT_fat_nextCluster
                0x000000000200c238      0x108 C:/devkitPro/libnds/lib\libfat.a(file_allocation_table.o)
                0x000000000200c238                _FAT_fat_nextCluster
 .text._FAT_fat_linkFreeCluster
                0x000000000200c340       0xac C:/devkitPro/libnds/lib\libfat.a(file_allocation_table.o)
                0x000000000200c340                _FAT_fat_linkFreeCluster
 .text._FAT_fat_linkFreeClusterCleared
                0x000000000200c3ec       0x68 C:/devkitPro/libnds/lib\libfat.a(file_allocation_table.o)
                0x000000000200c3ec                _FAT_fat_linkFreeClusterCleared
 .text._FAT_fat_clearLinks
                0x000000000200c454       0x7c C:/devkitPro/libnds/lib\libfat.a(file_allocation_table.o)
                0x000000000200c454                _FAT_fat_clearLinks
 .text._FAT_fat_trimChain
                0x000000000200c4d0       0x80 C:/devkitPro/libnds/lib\libfat.a(file_allocation_table.o)
                0x000000000200c4d0                _FAT_fat_trimChain
 .text._FAT_fat_lastCluster
                0x000000000200c550       0x34 C:/devkitPro/libnds/lib\libfat.a(file_allocation_table.o)
                0x000000000200c550                _FAT_fat_lastCluster
 .text._FAT_fat_freeClusterCount
                0x000000000200c584       0x2c C:/devkitPro/libnds/lib\libfat.a(file_allocation_table.o)
                0x000000000200c584                _FAT_fat_freeClusterCount
 .text.checkIfText
                0x000000000200c5b0       0x5c C:/devkitPro/libnds/lib\libnds9.a(background.o)
                0x000000000200c5b0                checkIfText
 .text.bgUpdate
                0x000000000200c60c       0xf4 C:/devkitPro/libnds/lib\libnds9.a(background.o)
                0x000000000200c60c                bgUpdate
 .text.bgInit_call
                0x000000000200c700       0xc4 C:/devkitPro/libnds/lib\libnds9.a(background.o)
                0x000000000200c700                bgInit_call
 .text.bgInitSub_call
                0x000000000200c7c4       0xcc C:/devkitPro/libnds/lib\libnds9.a(background.o)
                0x000000000200c7c4                bgInitSub_call
 .text.touchRead
                0x000000000200c890       0x24 C:/devkitPro/libnds/lib\libnds9.a(touch.o)
                0x000000000200c890                touchRead
 .text.newRow   0x000000000200c8b4       0xb0 C:/devkitPro/libnds/lib\libnds9.a(console.o)
 .text.consoleSelect
                0x000000000200c964       0x10 C:/devkitPro/libnds/lib\libnds9.a(console.o)
                0x000000000200c964                consoleSelect
 .text.consolePrintChar
                0x000000000200c974       0xec C:/devkitPro/libnds/lib\libnds9.a(console.o)
                0x000000000200c974                consolePrintChar
 .text.con_write
                0x000000000200ca60      0x374 C:/devkitPro/libnds/lib\libnds9.a(console.o)
                0x000000000200ca60                con_write
 .text.consoleLoadFont
                0x000000000200cdd4      0x2a8 C:/devkitPro/libnds/lib\libnds9.a(console.o)
                0x000000000200cdd4                consoleLoadFont
 .text.consoleInit
                0x000000000200d07c      0x194 C:/devkitPro/libnds/lib\libnds9.a(console.o)
                0x000000000200d07c                consoleInit
 .text.consoleClear
                0x000000000200d210       0x10 C:/devkitPro/libnds/lib\libnds9.a(console.o)
                0x000000000200d210                consoleClear
 .text.sinLutLookup
                0x000000000200d220       0x38 C:/devkitPro/libnds/lib\libnds9.a(trig.o)
                0x000000000200d220                sinLutLookup
 .text.sinLerp  0x000000000200d258       0x40 C:/devkitPro/libnds/lib\libnds9.a(trig.o)
                0x000000000200d258                sinLerp
 .text.cosLerp  0x000000000200d298       0x4c C:/devkitPro/libnds/lib\libnds9.a(trig.o)
                0x000000000200d298                cosLerp
 .text.scanKeys
                0x000000000200d2e4       0x8c C:/devkitPro/libnds/lib\libnds9.a(keys.o)
                0x000000000200d2e4                scanKeys
 .text.keysDown
                0x000000000200d370       0x14 C:/devkitPro/libnds/lib\libnds9.a(keys.o)
                0x000000000200d370                keysDown
 .text.dldiGetInternal
                0x000000000200d384       0x34 C:/devkitPro/libnds/lib\libnds9.a(dldi.o)
                0x000000000200d384                dldiGetInternal
 .text.get_io_dsisd
                0x000000000200d3b8       0x24 C:/devkitPro/libnds/lib\libnds9.a(dldi.o)
                0x000000000200d3b8                get_io_dsisd
 .text.initSystem
                0x000000000200d3dc      0x198 C:/devkitPro/libnds/lib\libnds9.a(initSystem.o)
                0x000000000200d3dc                initSystem
 .text.__libnds_gtod
                0x000000000200d574       0x28 C:/devkitPro/libnds/lib\libnds9.a(timeSupport.o)
                0x000000000200d574                __libnds_gtod
 .text.irqDummy
                0x000000000200d59c        0x4 C:/devkitPro/libnds/lib\libnds9.a(interrupts.o)
                0x000000000200d59c                irqDummy
 .text.irqSet   0x000000000200d5a0       0x6c C:/devkitPro/libnds/lib\libnds9.a(interrupts.o)
                0x000000000200d5a0                irqSet
 .text.irqInit  0x000000000200d60c       0x50 C:/devkitPro/libnds/lib\libnds9.a(interrupts.o)
                0x000000000200d60c                irqInit
 .text.irqEnable
                0x000000000200d65c       0x64 C:/devkitPro/libnds/lib\libnds9.a(interrupts.o)
                0x000000000200d65c                irqEnable
 .text.systemErrorExit
                0x000000000200d6c0        0x4 C:/devkitPro/libnds/lib\libnds9.a(libnds_exit.arm.o)
                0x000000000200d6c0                systemErrorExit
 .text.__libnds_exit
                0x000000000200d6c4       0x5c C:/devkitPro/libnds/lib\libnds9.a(libnds_exit.arm.o)
                0x000000000200d6c4                __libnds_exit
 .text.fifo_queueBlock
                0x000000000200d720       0x44 C:/devkitPro/libnds/lib\libnds9.a(fifosystem.o)
 .text.fifo_waitBlock
                0x000000000200d764       0x80 C:/devkitPro/libnds/lib\libnds9.a(fifosystem.o)
 .text.fifoInternalSend.part.0
                0x000000000200d7e4       0xd4 C:/devkitPro/libnds/lib\libnds9.a(fifosystem.o)
 .text.fifoInternalSendInterrupt
                0x000000000200d8b8       0xa8 C:/devkitPro/libnds/lib\libnds9.a(fifosystem.o)
 .text.fifoSetValue32Handler
                0x000000000200d960       0xd8 C:/devkitPro/libnds/lib\libnds9.a(fifosystem.o)
                0x000000000200d960                fifoSetValue32Handler
 .text.fifoSendValue32
                0x000000000200da38       0x4c C:/devkitPro/libnds/lib\libnds9.a(fifosystem.o)
                0x000000000200da38                fifoSendValue32
 .text.fifoSendDatamsg
                0x000000000200da84       0x90 C:/devkitPro/libnds/lib\libnds9.a(fifosystem.o)
                0x000000000200da84                fifoSendDatamsg
 .text.fifoGetValue32
                0x000000000200db14       0x70 C:/devkitPro/libnds/lib\libnds9.a(fifosystem.o)
                0x000000000200db14                fifoGetValue32
 .text.fifoGetDatamsg
                0x000000000200db84       0xf4 C:/devkitPro/libnds/lib\libnds9.a(fifosystem.o)
                0x000000000200db84                fifoGetDatamsg
 .text.fifoInternalRecvInterrupt
                0x000000000200dc78      0x380 C:/devkitPro/libnds/lib\libnds9.a(fifosystem.o)
 .text.fifoSetDatamsgHandler
                0x000000000200dff8       0x9c C:/devkitPro/libnds/lib\libnds9.a(fifosystem.o)
                0x000000000200dff8                fifoSetDatamsgHandler
 .text.fifoCheckValue32
                0x000000000200e094       0x24 C:/devkitPro/libnds/lib\libnds9.a(fifosystem.o)
                0x000000000200e094                fifoCheckValue32
 .text.fifoInit
                0x000000000200e0b8       0xf8 C:/devkitPro/libnds/lib\libnds9.a(fifosystem.o)
                0x000000000200e0b8                fifoInit
 .text.__libnds_mpu_setup
                0x000000000200e1b0      0x174 C:/devkitPro/libnds/lib\libnds9.a(mpu_setup.o)
                0x000000000200e1b0                __libnds_mpu_setup
 .text.memUncached
                0x000000000200e324       0x20 C:/devkitPro/libnds/lib\libnds9.a(mpu_setup.o)
                0x000000000200e324                memUncached
 .text.swiWaitForVBlank
                0x000000000200e344        0x8 C:/devkitPro/libnds/lib\libnds9.a(IntrWait.o)
                0x000000000200e344                swiWaitForVBlank
 .text.swiIntrWait
                0x000000000200e34c       0x70 C:/devkitPro/libnds/lib\libnds9.a(IntrWait.o)
                0x000000000200e34c                swiIntrWait
 .text.setCpuClock
                0x000000000200e3bc       0x50 C:/devkitPro/libnds/lib\libnds9.a(cpu_clock.o)
                0x000000000200e3bc                setCpuClock
 .text.swiSoftReset
                0x000000000200e40c       0x2c C:/devkitPro/libnds/lib\libnds9.a(swiSoftReset.o)
                0x000000000200e40c                swiSoftReset
 .text.vramDefault
                0x000000000200e438       0xd0 C:/devkitPro/libnds/lib\libnds9.a(video.o)
                0x000000000200e438                vramDefault
 .text.systemValueHandler
                0x000000000200e508       0x48 C:/devkitPro/libnds/lib\libnds9.a(system.o)
                0x000000000200e508                systemValueHandler
 .text.systemMsgHandler
                0x000000000200e550       0x60 C:/devkitPro/libnds/lib\libnds9.a(system.o)
                0x000000000200e550                systemMsgHandler
 .text.powerOn  0x000000000200e5b0       0x2c C:/devkitPro/libnds/lib\libnds9.a(system.o)
                0x000000000200e5b0                powerOn
 .text.DC_FlushRange
                0x000000000200e5dc       0x24 C:/devkitPro/libnds/lib\libnds9.a(dcache.o)
                0x000000000200e5dc                DC_FlushRange
 .text.swiDelay
                0x000000000200e600        0x4 C:/devkitPro/libnds/lib\libnds9.a(biosCalls.o)
                0x000000000200e600                swiDelay
 .text.__muldi3
                0x000000000200e604       0x54 c:/devkitpro/devkitarm/bin/../lib/gcc/arm-none-eabi/11.1.0/thumb\libgcc.a(_muldi3.o)
                0x000000000200e604                __muldi3
                0x000000000200e604                __aeabi_lmul
 .text.__fixdfdi
                0x000000000200e658       0x40 c:/devkitpro/devkitarm/bin/../lib/gcc/arm-none-eabi/11.1.0/thumb\libgcc.a(_fixdfdi.o)
                0x000000000200e658                __fixdfdi
                0x000000000200e658                __aeabi_d2lz
 .text.__fixunsdfdi
                0x000000000200e698       0x40 c:/devkitpro/devkitarm/bin/../lib/gcc/arm-none-eabi/11.1.0/thumb\libgcc.a(_fixunsdfdi.o)
                0x000000000200e698                __fixunsdfdi
                0x000000000200e698                __aeabi_d2ulz
 .text.__udivmoddi4
                0x000000000200e6d8      0x19c c:/devkitpro/devkitarm/bin/../lib/gcc/arm-none-eabi/11.1.0/thumb\libgcc.a(_udivmoddi4.o)
                0x000000000200e6d8                __udivmoddi4
 .text.calloc   0x000000000200e874       0x18 c:/devkitpro/devkitarm/bin/../lib/gcc/arm-none-eabi/11.1.0/../../../../arm-none-eabi/lib/thumb\libg.a(lib_a-calloc.o)
                0x000000000200e874                calloc
 .text._calloc_r
                0x000000000200e88c       0xb0 c:/devkitpro/devkitarm/bin/../lib/gcc/arm-none-eabi/11.1.0/../../../../arm-none-eabi/lib/thumb\libg.a(lib_a-callocr.o)
                0x000000000200e88c                _calloc_r
 .text.__errno  0x000000000200e93c        0xc c:/devkitpro/devkitarm/bin/../lib/gcc/arm-none-eabi/11.1.0/../../../../arm-none-eabi/lib/thumb\libg.a(lib_a-errno.o)
                0x000000000200e93c                __errno
 .text.exit     0x000000000200e948       0x28 c:/devkitpro/devkitarm/bin/../lib/gcc/arm-none-eabi/11.1.0/../../../../arm-none-eabi/lib/thumb\libg.a(lib_a-exit.o)
                0x000000000200e948                exit
 .text._fclose_r
                0x000000000200e970       0xe8 c:/devkitpro/devkitarm/bin/../lib/gcc/arm-none-eabi/11.1.0/../../../../arm-none-eabi/lib/thumb\libg.a(lib_a-fclose.o)
                0x000000000200e970                _fclose_r
 .text.fclose   0x000000000200ea58       0x14 c:/devkitpro/devkitarm/bin/../lib/gcc/arm-none-eabi/11.1.0/../../../../arm-none-eabi/lib/thumb\libg.a(lib_a-fclose.o)
                0x000000000200ea58                fclose
 .text.__sflush_r
                0x000000000200ea6c      0x1c0 c:/devkitpro/devkitarm/bin/../lib/gcc/arm-none-eabi/11.1.0/../../../../arm-none-eabi/lib/thumb\libg.a(lib_a-fflush.o)
                0x000000000200ea6c                __sflush_r
 .text._fflush_r
                0x000000000200ec2c       0x70 c:/devkitpro/devkitarm/bin/../lib/gcc/arm-none-eabi/11.1.0/../../../../arm-none-eabi/lib/thumb\libg.a(lib_a-fflush.o)
                0x000000000200ec2c                _fflush_r
 .text.fflush   0x000000000200ec9c       0x2c c:/devkitpro/devkitarm/bin/../lib/gcc/arm-none-eabi/11.1.0/../../../../arm-none-eabi/lib/thumb\libg.a(lib_a-fflush.o)
                0x000000000200ec9c                fflush
 .text._cleanup_r
                0x000000000200ecc8       0x14 c:/devkitpro/devkitarm/bin/../lib/gcc/arm-none-eabi/11.1.0/../../../../arm-none-eabi/lib/thumb\libg.a(lib_a-findfp.o)
                0x000000000200ecc8                _cleanup_r
 .text.__sinit  0x000000000200ecdc      0x124 c:/devkitpro/devkitarm/bin/../lib/gcc/arm-none-eabi/11.1.0/../../../../arm-none-eabi/lib/thumb\libg.a(lib_a-findfp.o)
                0x000000000200ecdc                __sinit
 .text.__sfp    0x000000000200ee00       0xdc c:/devkitpro/devkitarm/bin/../lib/gcc/arm-none-eabi/11.1.0/../../../../arm-none-eabi/lib/thumb\libg.a(lib_a-findfp.o)
                0x000000000200ee00                __sfp
 .text.__sfp_lock_acquire
                0x000000000200eedc       0x14 c:/devkitpro/devkitarm/bin/../lib/gcc/arm-none-eabi/11.1.0/../../../../arm-none-eabi/lib/thumb\libg.a(lib_a-findfp.o)
                0x000000000200eedc                __sfp_lock_acquire
 .text.__sfp_lock_release
                0x000000000200eef0       0x14 c:/devkitpro/devkitarm/bin/../lib/gcc/arm-none-eabi/11.1.0/../../../../arm-none-eabi/lib/thumb\libg.a(lib_a-findfp.o)
                0x000000000200eef0                __sfp_lock_release
 .text._fopen_r
                0x000000000200ef04       0xb8 c:/devkitpro/devkitarm/bin/../lib/gcc/arm-none-eabi/11.1.0/../../../../arm-none-eabi/lib/thumb\libg.a(lib_a-fopen.o)
                0x000000000200ef04                _fopen_r
 .text.fopen    0x000000000200efbc       0x18 c:/devkitpro/devkitarm/bin/../lib/gcc/arm-none-eabi/11.1.0/../../../../arm-none-eabi/lib/thumb\libg.a(lib_a-fopen.o)
                0x000000000200efbc                fopen
 .text._fread_r
                0x000000000200efd4      0x1f4 c:/devkitpro/devkitarm/bin/../lib/gcc/arm-none-eabi/11.1.0/../../../../arm-none-eabi/lib/thumb\libg.a(lib_a-fread.o)
                0x000000000200efd4                _fread_r
 .text.fread    0x000000000200f1c8       0x24 c:/devkitpro/devkitarm/bin/../lib/gcc/arm-none-eabi/11.1.0/../../../../arm-none-eabi/lib/thumb\libg.a(lib_a-fread.o)
                0x000000000200f1c8                fread
 .text._malloc_trim_r
                0x000000000200f1ec       0xa0 c:/devkitpro/devkitarm/bin/../lib/gcc/arm-none-eabi/11.1.0/../../../../arm-none-eabi/lib/thumb\libg.a(lib_a-freer.o)
                0x000000000200f1ec                _malloc_trim_r
 .text._free_r  0x000000000200f28c      0x1d8 c:/devkitpro/devkitarm/bin/../lib/gcc/arm-none-eabi/11.1.0/../../../../arm-none-eabi/lib/thumb\libg.a(lib_a-freer.o)
                0x000000000200f28c                _free_r
 .text._fseek_r
                0x000000000200f464       0x18 c:/devkitpro/devkitarm/bin/../lib/gcc/arm-none-eabi/11.1.0/../../../../arm-none-eabi/lib/thumb\libg.a(lib_a-fseek.o)
                0x000000000200f464                _fseek_r
 .text._fseeko_r
                0x000000000200f47c      0x41c c:/devkitpro/devkitarm/bin/../lib/gcc/arm-none-eabi/11.1.0/../../../../arm-none-eabi/lib/thumb\libg.a(lib_a-fseeko.o)
                0x000000000200f47c                _fseeko_r
 .text._fwalk   0x000000000200f898       0x48 c:/devkitpro/devkitarm/bin/../lib/gcc/arm-none-eabi/11.1.0/../../../../arm-none-eabi/lib/thumb\libg.a(lib_a-fwalk.o)
                0x000000000200f898                _fwalk
 .text._fwalk_reent
                0x000000000200f8e0       0x50 c:/devkitpro/devkitarm/bin/../lib/gcc/arm-none-eabi/11.1.0/../../../../arm-none-eabi/lib/thumb\libg.a(lib_a-fwalk.o)
                0x000000000200f8e0                _fwalk_reent
 .text._fwrite_r
                0x000000000200f930       0x94 c:/devkitpro/devkitarm/bin/../lib/gcc/arm-none-eabi/11.1.0/../../../../arm-none-eabi/lib/thumb\libg.a(lib_a-fwrite.o)
                0x000000000200f930                _fwrite_r
 .text.fwrite   0x000000000200f9c4       0x24 c:/devkitpro/devkitarm/bin/../lib/gcc/arm-none-eabi/11.1.0/../../../../arm-none-eabi/lib/thumb\libg.a(lib_a-fwrite.o)
                0x000000000200f9c4                fwrite
 .text.__libc_init_array
                0x000000000200f9e8       0x50 c:/devkitpro/devkitarm/bin/../lib/gcc/arm-none-eabi/11.1.0/../../../../arm-none-eabi/lib/thumb\libg.a(lib_a-init.o)
                0x000000000200f9e8                __libc_init_array
 .text.iprintf  0x000000000200fa38       0x24 c:/devkitpro/devkitarm/bin/../lib/gcc/arm-none-eabi/11.1.0/../../../../arm-none-eabi/lib/thumb\libg.a(lib_a-iprintf.o)
                0x000000000200fa38                iprintf
 .text.localtime_r
                0x000000000200fa5c      0x244 c:/devkitpro/devkitarm/bin/../lib/gcc/arm-none-eabi/11.1.0/../../../../arm-none-eabi/lib/thumb\libg.a(lib_a-lcltime_r.o)
                0x000000000200fa5c                localtime_r
 .text.__locale_mb_cur_max
                0x000000000200fca0       0x10 c:/devkitpro/devkitarm/bin/../lib/gcc/arm-none-eabi/11.1.0/../../../../arm-none-eabi/lib/thumb\libg.a(lib_a-locale.o)
                0x000000000200fca0                __locale_mb_cur_max
 .text.__smakebuf_r
                0x000000000200fcb0       0xec c:/devkitpro/devkitarm/bin/../lib/gcc/arm-none-eabi/11.1.0/../../../../arm-none-eabi/lib/thumb\libg.a(lib_a-makebuf.o)
                0x000000000200fcb0                __smakebuf_r
 .text.__swhatbuf_r
                0x000000000200fd9c       0x5c c:/devkitpro/devkitarm/bin/../lib/gcc/arm-none-eabi/11.1.0/../../../../arm-none-eabi/lib/thumb\libg.a(lib_a-makebuf.o)
                0x000000000200fd9c                __swhatbuf_r
 .text.malloc   0x000000000200fdf8       0x14 c:/devkitpro/devkitarm/bin/../lib/gcc/arm-none-eabi/11.1.0/../../../../arm-none-eabi/lib/thumb\libg.a(lib_a-malloc.o)
                0x000000000200fdf8                malloc
 .text.free     0x000000000200fe0c       0x14 c:/devkitpro/devkitarm/bin/../lib/gcc/arm-none-eabi/11.1.0/../../../../arm-none-eabi/lib/thumb\libg.a(lib_a-malloc.o)
                0x000000000200fe0c                free
 .text._malloc_r
                0x000000000200fe20      0x58c c:/devkitpro/devkitarm/bin/../lib/gcc/arm-none-eabi/11.1.0/../../../../arm-none-eabi/lib/thumb\libg.a(lib_a-mallocr.o)
                0x000000000200fe20                _malloc_r
 .text._mbrtowc_r
                0x00000000020103ac       0x60 c:/devkitpro/devkitarm/bin/../lib/gcc/arm-none-eabi/11.1.0/../../../../arm-none-eabi/lib/thumb\libg.a(lib_a-mbrtowc.o)
                0x00000000020103ac                _mbrtowc_r
 .text.mbrtowc  0x000000000201040c       0x7c c:/devkitpro/devkitarm/bin/../lib/gcc/arm-none-eabi/11.1.0/../../../../arm-none-eabi/lib/thumb\libg.a(lib_a-mbrtowc.o)
                0x000000000201040c                mbrtowc
 .text.mbsrtowcs
                0x0000000002010488       0x28 c:/devkitpro/devkitarm/bin/../lib/gcc/arm-none-eabi/11.1.0/../../../../arm-none-eabi/lib/thumb\libg.a(lib_a-mbsrtowcs.o)
                0x0000000002010488                mbsrtowcs
 .text.__utf8_mbtowc
                0x00000000020104b0      0x294 c:/devkitpro/devkitarm/bin/../lib/gcc/arm-none-eabi/11.1.0/../../../../arm-none-eabi/lib/thumb\libg.a(lib_a-mbtowc_r.o)
                0x00000000020104b0                __utf8_mbtowc
 .text.memcmp   0x0000000002010744       0x4c c:/devkitpro/devkitarm/bin/../lib/gcc/arm-none-eabi/11.1.0/../../../../arm-none-eabi/lib/thumb\libg.a(lib_a-memcmp.o)
                0x0000000002010744                memcmp
 .text.memcpy   0x0000000002010790       0xa8 c:/devkitpro/devkitarm/bin/../lib/gcc/arm-none-eabi/11.1.0/../../../../arm-none-eabi/lib/thumb\libg.a(lib_a-memcpy-stub.o)
                0x0000000002010790                memcpy
 .text.memmove  0x0000000002010838       0xbc c:/devkitpro/devkitarm/bin/../lib/gcc/arm-none-eabi/11.1.0/../../../../arm-none-eabi/lib/thumb\libg.a(lib_a-memmove.o)
                0x0000000002010838                memmove
 .text.memset   0x00000000020108f4       0xb0 c:/devkitpro/devkitarm/bin/../lib/gcc/arm-none-eabi/11.1.0/../../../../arm-none-eabi/lib/thumb\libg.a(lib_a-memset.o)
                0x00000000020108f4                memset
 .text.validate_structure
                0x00000000020109a4      0x1dc c:/devkitpro/devkitarm/bin/../lib/gcc/arm-none-eabi/11.1.0/../../../../arm-none-eabi/lib/thumb\libg.a(lib_a-mktime.o)
 .text.mktime   0x0000000002010b80      0x450 c:/devkitpro/devkitarm/bin/../lib/gcc/arm-none-eabi/11.1.0/../../../../arm-none-eabi/lib/thumb\libg.a(lib_a-mktime.o)
                0x0000000002010b80                mktime
 .text.__malloc_lock
                0x0000000002010fd0       0x14 c:/devkitpro/devkitarm/bin/../lib/gcc/arm-none-eabi/11.1.0/../../../../arm-none-eabi/lib/thumb\libg.a(lib_a-mlock.o)
                0x0000000002010fd0                __malloc_lock
 .text.__malloc_unlock
                0x0000000002010fe4       0x14 c:/devkitpro/devkitarm/bin/../lib/gcc/arm-none-eabi/11.1.0/../../../../arm-none-eabi/lib/thumb\libg.a(lib_a-mlock.o)
                0x0000000002010fe4                __malloc_unlock
 .text.printf   0x0000000002010ff8       0x24 c:/devkitpro/devkitarm/bin/../lib/gcc/arm-none-eabi/11.1.0/../../../../arm-none-eabi/lib/thumb\libg.a(lib_a-printf.o)
                0x0000000002010ff8                printf
 .text.lflush   0x000000000201101c       0x20 c:/devkitpro/devkitarm/bin/../lib/gcc/arm-none-eabi/11.1.0/../../../../arm-none-eabi/lib/thumb\libg.a(lib_a-refill.o)
 .text.__srefill_r
                0x000000000201103c      0x118 c:/devkitpro/devkitarm/bin/../lib/gcc/arm-none-eabi/11.1.0/../../../../arm-none-eabi/lib/thumb\libg.a(lib_a-refill.o)
                0x000000000201103c                __srefill_r
 .text.setvbuf  0x0000000002011154      0x1ac c:/devkitpro/devkitarm/bin/../lib/gcc/arm-none-eabi/11.1.0/../../../../arm-none-eabi/lib/thumb\libg.a(lib_a-setvbuf.o)
                0x0000000002011154                setvbuf
 .text.siscanf  0x0000000002011300       0x4c c:/devkitpro/devkitarm/bin/../lib/gcc/arm-none-eabi/11.1.0/../../../../arm-none-eabi/lib/thumb\libg.a(lib_a-siscanf.o)
                0x0000000002011300                siscanf
 .text.__sread  0x000000000201134c       0x34 c:/devkitpro/devkitarm/bin/../lib/gcc/arm-none-eabi/11.1.0/../../../../arm-none-eabi/lib/thumb\libg.a(lib_a-stdio.o)
                0x000000000201134c                __sread
 .text.__seofread
                0x0000000002011380        0x4 c:/devkitpro/devkitarm/bin/../lib/gcc/arm-none-eabi/11.1.0/../../../../arm-none-eabi/lib/thumb\libg.a(lib_a-stdio.o)
                0x0000000002011380                __seofread
 .text.__swrite
                0x0000000002011384       0x4c c:/devkitpro/devkitarm/bin/../lib/gcc/arm-none-eabi/11.1.0/../../../../arm-none-eabi/lib/thumb\libg.a(lib_a-stdio.o)
                0x0000000002011384                __swrite
 .text.__sseek  0x00000000020113d0       0x40 c:/devkitpro/devkitarm/bin/../lib/gcc/arm-none-eabi/11.1.0/../../../../arm-none-eabi/lib/thumb\libg.a(lib_a-stdio.o)
                0x00000000020113d0                __sseek
 .text.__sclose
                0x0000000002011410       0x10 c:/devkitpro/devkitarm/bin/../lib/gcc/arm-none-eabi/11.1.0/../../../../arm-none-eabi/lib/thumb\libg.a(lib_a-stdio.o)
                0x0000000002011410                __sclose
 .text.stpcpy   0x0000000002011420       0x50 c:/devkitpro/devkitarm/bin/../lib/gcc/arm-none-eabi/11.1.0/../../../../arm-none-eabi/lib/thumb\libg.a(lib_a-stpcpy.o)
                0x0000000002011420                stpcpy
 .text.strchr   0x0000000002011470       0xc8 c:/devkitpro/devkitarm/bin/../lib/gcc/arm-none-eabi/11.1.0/../../../../arm-none-eabi/lib/thumb\libg.a(lib_a-strchr.o)
                0x0000000002011470                strchr
 .text.strcpy   0x0000000002011538       0x10 c:/devkitpro/devkitarm/bin/../lib/gcc/arm-none-eabi/11.1.0/../../../../arm-none-eabi/lib/thumb\libg.a(lib_a-strcpy.o)
                0x0000000002011538                strcpy
 .text.strlen   0x0000000002011548       0x60 c:/devkitpro/devkitarm/bin/../lib/gcc/arm-none-eabi/11.1.0/../../../../arm-none-eabi/lib/thumb\libg.a(lib_a-strlen-stub.o)
                0x0000000002011548                strlen
 .text.strncasecmp
                0x00000000020115a8       0x54 c:/devkitpro/devkitarm/bin/../lib/gcc/arm-none-eabi/11.1.0/../../../../arm-none-eabi/lib/thumb\libg.a(lib_a-strncasecmp.o)
                0x00000000020115a8                strncasecmp
 .text.strncmp  0x00000000020115fc       0x78 c:/devkitpro/devkitarm/bin/../lib/gcc/arm-none-eabi/11.1.0/../../../../arm-none-eabi/lib/thumb\libg.a(lib_a-strncmp.o)
                0x00000000020115fc                strncmp
 .text.strncpy  0x0000000002011674       0x74 c:/devkitpro/devkitarm/bin/../lib/gcc/arm-none-eabi/11.1.0/../../../../arm-none-eabi/lib/thumb\libg.a(lib_a-strncpy.o)
                0x0000000002011674                strncpy
 .text.strnlen  0x00000000020116e8       0x28 c:/devkitpro/devkitarm/bin/../lib/gcc/arm-none-eabi/11.1.0/../../../../arm-none-eabi/lib/thumb\libg.a(lib_a-strnlen.o)
                0x00000000020116e8                strnlen
 .text.strpbrk  0x0000000002011710       0x3c c:/devkitpro/devkitarm/bin/../lib/gcc/arm-none-eabi/11.1.0/../../../../arm-none-eabi/lib/thumb\libg.a(lib_a-strpbrk.o)
                0x0000000002011710                strpbrk
 .text.strrchr  0x000000000201174c       0x2c c:/devkitpro/devkitarm/bin/../lib/gcc/arm-none-eabi/11.1.0/../../../../arm-none-eabi/lib/thumb\libg.a(lib_a-strrchr.o)
                0x000000000201174c                strrchr
 .text._strtol_l.part.0
                0x0000000002011778      0x144 c:/devkitpro/devkitarm/bin/../lib/gcc/arm-none-eabi/11.1.0/../../../../arm-none-eabi/lib/thumb\libg.a(lib_a-strtol.o)
 .text._strtol_r
                0x00000000020118bc       0x20 c:/devkitpro/devkitarm/bin/../lib/gcc/arm-none-eabi/11.1.0/../../../../arm-none-eabi/lib/thumb\libg.a(lib_a-strtol.o)
                0x00000000020118bc                _strtol_r
 .text.get_arg  0x00000000020118dc       0x32 c:/devkitpro/devkitarm/bin/../lib/gcc/arm-none-eabi/11.1.0/../../../../arm-none-eabi/lib/thumb\libg.a(lib_a-svfiscanf.o)
 .text._sungetc_r
                0x000000000201190e       0x7e c:/devkitpro/devkitarm/bin/../lib/gcc/arm-none-eabi/11.1.0/../../../../arm-none-eabi/lib/thumb\libg.a(lib_a-svfiscanf.o)
                0x000000000201190e                _sungetc_r
 .text.__ssrefill_r
                0x000000000201198c       0x42 c:/devkitpro/devkitarm/bin/../lib/gcc/arm-none-eabi/11.1.0/../../../../arm-none-eabi/lib/thumb\libg.a(lib_a-svfiscanf.o)
                0x000000000201198c                __ssrefill_r
 .text._sfread_r
                0x00000000020119ce       0x88 c:/devkitpro/devkitarm/bin/../lib/gcc/arm-none-eabi/11.1.0/../../../../arm-none-eabi/lib/thumb\libg.a(lib_a-svfiscanf.o)
                0x00000000020119ce                _sfread_r
 *fill*         0x0000000002011a56        0x2 ff
 .text.__ssvfiscanf_r
                0x0000000002011a58     0x1a04 c:/devkitpro/devkitarm/bin/../lib/gcc/arm-none-eabi/11.1.0/../../../../arm-none-eabi/lib/thumb\libg.a(lib_a-svfiscanf.o)
                0x0000000002011a58                __ssvfiscanf_r
 .text.time     0x000000000201345c       0x34 c:/devkitpro/devkitarm/bin/../lib/gcc/arm-none-eabi/11.1.0/../../../../arm-none-eabi/lib/thumb\libg.a(lib_a-time.o)
                0x000000000201345c                time
 .text.towlower
                0x0000000002013490       0x10 c:/devkitpro/devkitarm/bin/../lib/gcc/arm-none-eabi/11.1.0/../../../../arm-none-eabi/lib/thumb\libg.a(lib_a-towlower.o)
                0x0000000002013490                towlower
 .text.towupper
                0x00000000020134a0       0x10 c:/devkitpro/devkitarm/bin/../lib/gcc/arm-none-eabi/11.1.0/../../../../arm-none-eabi/lib/thumb\libg.a(lib_a-towupper.o)
                0x00000000020134a0                towupper
 .text.__tzcalc_limits
                0x00000000020134b0      0x1b4 c:/devkitpro/devkitarm/bin/../lib/gcc/arm-none-eabi/11.1.0/../../../../arm-none-eabi/lib/thumb\libg.a(lib_a-tzcalc_limits.o)
                0x00000000020134b0                __tzcalc_limits
 .text.__tz_lock
                0x0000000002013664       0x14 c:/devkitpro/devkitarm/bin/../lib/gcc/arm-none-eabi/11.1.0/../../../../arm-none-eabi/lib/thumb\libg.a(lib_a-tzlock.o)
                0x0000000002013664                __tz_lock
 .text.__tz_unlock
                0x0000000002013678       0x14 c:/devkitpro/devkitarm/bin/../lib/gcc/arm-none-eabi/11.1.0/../../../../arm-none-eabi/lib/thumb\libg.a(lib_a-tzlock.o)
                0x0000000002013678                __tz_unlock
 .text._tzset_unlocked
                0x000000000201368c       0x10 c:/devkitpro/devkitarm/bin/../lib/gcc/arm-none-eabi/11.1.0/../../../../arm-none-eabi/lib/thumb\libg.a(lib_a-tzset.o)
                0x000000000201368c                _tzset_unlocked
 .text._tzset_unlocked_r
                0x000000000201369c      0x370 c:/devkitpro/devkitarm/bin/../lib/gcc/arm-none-eabi/11.1.0/../../../../arm-none-eabi/lib/thumb\libg.a(lib_a-tzset_r.o)
                0x000000000201369c                _tzset_unlocked_r
 .text.__submore
                0x0000000002013a0c       0x88 c:/devkitpro/devkitarm/bin/../lib/gcc/arm-none-eabi/11.1.0/../../../../arm-none-eabi/lib/thumb\libg.a(lib_a-ungetc.o)
                0x0000000002013a0c                __submore
 .text.get_arg  0x0000000002013a94      0x400 c:/devkitpro/devkitarm/bin/../lib/gcc/arm-none-eabi/11.1.0/../../../../arm-none-eabi/lib/thumb\libg.a(lib_a-vfiprintf.o)
 .text.__sprint_r
                0x0000000002013e94       0x24 c:/devkitpro/devkitarm/bin/../lib/gcc/arm-none-eabi/11.1.0/../../../../arm-none-eabi/lib/thumb\libg.a(lib_a-vfiprintf.o)
                0x0000000002013e94                __sprint_r
 .text._vfiprintf_r
                0x0000000002013eb8     0x1710 c:/devkitpro/devkitarm/bin/../lib/gcc/arm-none-eabi/11.1.0/../../../../arm-none-eabi/lib/thumb\libg.a(lib_a-vfiprintf.o)
                0x0000000002013eb8                _vfiprintf_r
 .text.__sbprintf
                0x00000000020155c8       0x8c c:/devkitpro/devkitarm/bin/../lib/gcc/arm-none-eabi/11.1.0/../../../../arm-none-eabi/lib/thumb\libg.a(lib_a-vfiprintf.o)
 .text.get_arg  0x0000000002015654      0x400 c:/devkitpro/devkitarm/bin/../lib/gcc/arm-none-eabi/11.1.0/../../../../arm-none-eabi/lib/thumb\libg.a(lib_a-vfprintf.o)
 .text._vfprintf_r
                0x0000000002015a54     0x2384 c:/devkitpro/devkitarm/bin/../lib/gcc/arm-none-eabi/11.1.0/../../../../arm-none-eabi/lib/thumb\libg.a(lib_a-vfprintf.o)
                0x0000000002015a54                _vfprintf_r
 .text.__sbprintf
                0x0000000002017dd8       0x8c c:/devkitpro/devkitarm/bin/../lib/gcc/arm-none-eabi/11.1.0/../../../../arm-none-eabi/lib/thumb\libg.a(lib_a-vfprintf.o)
 .text._wcrtomb_r
                0x0000000002017e64       0x5c c:/devkitpro/devkitarm/bin/../lib/gcc/arm-none-eabi/11.1.0/../../../../arm-none-eabi/lib/thumb\libg.a(lib_a-wcrtomb.o)
                0x0000000002017e64                _wcrtomb_r
 .text.wcrtomb  0x0000000002017ec0       0x74 c:/devkitpro/devkitarm/bin/../lib/gcc/arm-none-eabi/11.1.0/../../../../arm-none-eabi/lib/thumb\libg.a(lib_a-wcrtomb.o)
                0x0000000002017ec0                wcrtomb
 .text._wcsrtombs_r
                0x0000000002017f34       0x1c c:/devkitpro/devkitarm/bin/../lib/gcc/arm-none-eabi/11.1.0/../../../../arm-none-eabi/lib/thumb\libg.a(lib_a-wcsrtombs.o)
                0x0000000002017f34                _wcsrtombs_r
 .text.wctob    0x0000000002017f50       0x48 c:/devkitpro/devkitarm/bin/../lib/gcc/arm-none-eabi/11.1.0/../../../../arm-none-eabi/lib/thumb\libg.a(lib_a-wctob.o)
                0x0000000002017f50                wctob
 .text.__utf8_wctomb
                0x0000000002017f98       0xb4 c:/devkitpro/devkitarm/bin/../lib/gcc/arm-none-eabi/11.1.0/../../../../arm-none-eabi/lib/thumb\libg.a(lib_a-wctomb_r.o)
                0x0000000002017f98                __utf8_wctomb
 .text.__swsetup_r
                0x000000000201804c       0xe4 c:/devkitpro/devkitarm/bin/../lib/gcc/arm-none-eabi/11.1.0/../../../../arm-none-eabi/lib/thumb\libg.a(lib_a-wsetup.o)
                0x000000000201804c                __swsetup_r
 .text.__call_exitprocs
                0x0000000002018130       0xf4 c:/devkitpro/devkitarm/bin/../lib/gcc/arm-none-eabi/11.1.0/../../../../arm-none-eabi/lib/thumb\libg.a(lib_a-__call_atexit.o)
                0x0000000002018130                __call_exitprocs
 .text.div      0x0000000002018224       0x34 c:/devkitpro/devkitarm/bin/../lib/gcc/arm-none-eabi/11.1.0/../../../../arm-none-eabi/lib/thumb\libg.a(lib_a-div.o)
                0x0000000002018224                div
 .text.quorem   0x0000000002018258      0x148 c:/devkitpro/devkitarm/bin/../lib/gcc/arm-none-eabi/11.1.0/../../../../arm-none-eabi/lib/thumb\libg.a(lib_a-dtoa.o)
 .text._dtoa_r  0x00000000020183a0      0xfc4 c:/devkitpro/devkitarm/bin/../lib/gcc/arm-none-eabi/11.1.0/../../../../arm-none-eabi/lib/thumb\libg.a(lib_a-dtoa.o)
                0x00000000020183a0                _dtoa_r
 .text.__sflags
                0x0000000002019364       0xa4 c:/devkitpro/devkitarm/bin/../lib/gcc/arm-none-eabi/11.1.0/../../../../arm-none-eabi/lib/thumb\libg.a(lib_a-flags.o)
                0x0000000002019364                __sflags
 .text.__sfvwrite_r
                0x0000000002019408      0x34c c:/devkitpro/devkitarm/bin/../lib/gcc/arm-none-eabi/11.1.0/../../../../arm-none-eabi/lib/thumb\libg.a(lib_a-fvwrite.o)
                0x0000000002019408                __sfvwrite_r
 .text._findenv_r
                0x0000000002019754       0x94 c:/devkitpro/devkitarm/bin/../lib/gcc/arm-none-eabi/11.1.0/../../../../arm-none-eabi/lib/thumb\libg.a(lib_a-getenv_r.o)
                0x0000000002019754                _findenv_r
 .text._getenv_r
                0x00000000020197e8       0x10 c:/devkitpro/devkitarm/bin/../lib/gcc/arm-none-eabi/11.1.0/../../../../arm-none-eabi/lib/thumb\libg.a(lib_a-getenv_r.o)
                0x00000000020197e8                _getenv_r
 .text.__gettzinfo
                0x00000000020197f8        0x8 c:/devkitpro/devkitarm/bin/../lib/gcc/arm-none-eabi/11.1.0/../../../../arm-none-eabi/lib/thumb\libg.a(lib_a-gettzinfo.o)
                0x00000000020197f8                __gettzinfo
 .text.gmtime_r
                0x0000000002019800      0x1c8 c:/devkitpro/devkitarm/bin/../lib/gcc/arm-none-eabi/11.1.0/../../../../arm-none-eabi/lib/thumb\libg.a(lib_a-gmtime_r.o)
                0x0000000002019800                gmtime_r
 .text.iswspace
                0x00000000020199c8       0x10 c:/devkitpro/devkitarm/bin/../lib/gcc/arm-none-eabi/11.1.0/../../../../arm-none-eabi/lib/thumb\libg.a(lib_a-iswspace.o)
                0x00000000020199c8                iswspace
 .text._localeconv_r
                0x00000000020199d8        0x8 c:/devkitpro/devkitarm/bin/../lib/gcc/arm-none-eabi/11.1.0/../../../../arm-none-eabi/lib/thumb\libg.a(lib_a-localeconv.o)
                0x00000000020199d8                _localeconv_r
 .text._mbsnrtowcs_r
                0x00000000020199e0       0xbc c:/devkitpro/devkitarm/bin/../lib/gcc/arm-none-eabi/11.1.0/../../../../arm-none-eabi/lib/thumb\libg.a(lib_a-mbsnrtowcs.o)
                0x00000000020199e0                _mbsnrtowcs_r
 .text.memchr   0x0000000002019a9c       0x78 c:/devkitpro/devkitarm/bin/../lib/gcc/arm-none-eabi/11.1.0/../../../../arm-none-eabi/lib/thumb\libg.a(lib_a-memchr-stub.o)
                0x0000000002019a9c                memchr
 .text._Balloc  0x0000000002019b14       0x54 c:/devkitpro/devkitarm/bin/../lib/gcc/arm-none-eabi/11.1.0/../../../../arm-none-eabi/lib/thumb\libg.a(lib_a-mprec.o)
                0x0000000002019b14                _Balloc
 .text._Bfree   0x0000000002019b68       0x14 c:/devkitpro/devkitarm/bin/../lib/gcc/arm-none-eabi/11.1.0/../../../../arm-none-eabi/lib/thumb\libg.a(lib_a-mprec.o)
                0x0000000002019b68                _Bfree
 .text.__multadd
                0x0000000002019b7c       0xac c:/devkitpro/devkitarm/bin/../lib/gcc/arm-none-eabi/11.1.0/../../../../arm-none-eabi/lib/thumb\libg.a(lib_a-mprec.o)
                0x0000000002019b7c                __multadd
 .text.__hi0bits
                0x0000000002019c28       0x38 c:/devkitpro/devkitarm/bin/../lib/gcc/arm-none-eabi/11.1.0/../../../../arm-none-eabi/lib/thumb\libg.a(lib_a-mprec.o)
                0x0000000002019c28                __hi0bits
 .text.__lo0bits
                0x0000000002019c60       0x5c c:/devkitpro/devkitarm/bin/../lib/gcc/arm-none-eabi/11.1.0/../../../../arm-none-eabi/lib/thumb\libg.a(lib_a-mprec.o)
                0x0000000002019c60                __lo0bits
 .text.__i2b    0x0000000002019cbc       0x64 c:/devkitpro/devkitarm/bin/../lib/gcc/arm-none-eabi/11.1.0/../../../../arm-none-eabi/lib/thumb\libg.a(lib_a-mprec.o)
                0x0000000002019cbc                __i2b
 .text.__multiply
                0x0000000002019d20      0x1a8 c:/devkitpro/devkitarm/bin/../lib/gcc/arm-none-eabi/11.1.0/../../../../arm-none-eabi/lib/thumb\libg.a(lib_a-mprec.o)
                0x0000000002019d20                __multiply
 .text.__pow5mult
                0x0000000002019ec8       0xd8 c:/devkitpro/devkitarm/bin/../lib/gcc/arm-none-eabi/11.1.0/../../../../arm-none-eabi/lib/thumb\libg.a(lib_a-mprec.o)
                0x0000000002019ec8                __pow5mult
 .text.__lshift
                0x0000000002019fa0      0x104 c:/devkitpro/devkitarm/bin/../lib/gcc/arm-none-eabi/11.1.0/../../../../arm-none-eabi/lib/thumb\libg.a(lib_a-mprec.o)
                0x0000000002019fa0                __lshift
 .text.__mcmp   0x000000000201a0a4       0x38 c:/devkitpro/devkitarm/bin/../lib/gcc/arm-none-eabi/11.1.0/../../../../arm-none-eabi/lib/thumb\libg.a(lib_a-mprec.o)
                0x000000000201a0a4                __mcmp
 .text.__mdiff  0x000000000201a0dc      0x198 c:/devkitpro/devkitarm/bin/../lib/gcc/arm-none-eabi/11.1.0/../../../../arm-none-eabi/lib/thumb\libg.a(lib_a-mprec.o)
                0x000000000201a0dc                __mdiff
 .text.__d2b    0x000000000201a274       0xd0 c:/devkitpro/devkitarm/bin/../lib/gcc/arm-none-eabi/11.1.0/../../../../arm-none-eabi/lib/thumb\libg.a(lib_a-mprec.o)
                0x000000000201a274                __d2b
 .text.realloc  0x000000000201a344       0x18 c:/devkitpro/devkitarm/bin/../lib/gcc/arm-none-eabi/11.1.0/../../../../arm-none-eabi/lib/thumb\libg.a(lib_a-realloc.o)
                0x000000000201a344                realloc
 .text._realloc_r
                0x000000000201a35c      0x380 c:/devkitpro/devkitarm/bin/../lib/gcc/arm-none-eabi/11.1.0/../../../../arm-none-eabi/lib/thumb\libg.a(lib_a-reallocr.o)
                0x000000000201a35c                _realloc_r
 .text.__sccl   0x000000000201a6dc       0x90 c:/devkitpro/devkitarm/bin/../lib/gcc/arm-none-eabi/11.1.0/../../../../arm-none-eabi/lib/thumb\libg.a(lib_a-sccl.o)
                0x000000000201a6dc                __sccl
 .text.frexp    0x000000000201a76c       0x68 c:/devkitpro/devkitarm/bin/../lib/gcc/arm-none-eabi/11.1.0/../../../../arm-none-eabi/lib/thumb\libg.a(lib_a-s_frexp.o)
                0x000000000201a76c                frexp
 .text._strtoll_l.constprop.0
                0x000000000201a7d4      0x1a4 c:/devkitpro/devkitarm/bin/../lib/gcc/arm-none-eabi/11.1.0/../../../../arm-none-eabi/lib/thumb\libg.a(lib_a-strtoll.o)
 .text._strtoll_r
                0x000000000201a978        0xc c:/devkitpro/devkitarm/bin/../lib/gcc/arm-none-eabi/11.1.0/../../../../arm-none-eabi/lib/thumb\libg.a(lib_a-strtoll.o)
                0x000000000201a978                _strtoll_r
 .text._strtoull_l.constprop.0
                0x000000000201a984      0x1c0 c:/devkitpro/devkitarm/bin/../lib/gcc/arm-none-eabi/11.1.0/../../../../arm-none-eabi/lib/thumb\libg.a(lib_a-strtoull.o)
 .text._strtoull_r
                0x000000000201ab44        0xc c:/devkitpro/devkitarm/bin/../lib/gcc/arm-none-eabi/11.1.0/../../../../arm-none-eabi/lib/thumb\libg.a(lib_a-strtoull.o)
                0x000000000201ab44                _strtoull_r
 .text._strtoul_l.constprop.0
                0x000000000201ab50      0x148 c:/devkitpro/devkitarm/bin/../lib/gcc/arm-none-eabi/11.1.0/../../../../arm-none-eabi/lib/thumb\libg.a(lib_a-strtoul.o)
 .text._strtoul_r
                0x000000000201ac98        0xc c:/devkitpro/devkitarm/bin/../lib/gcc/arm-none-eabi/11.1.0/../../../../arm-none-eabi/lib/thumb\libg.a(lib_a-strtoul.o)
                0x000000000201ac98                _strtoul_r
 .text.strtoul  0x000000000201aca4       0x1c c:/devkitpro/devkitarm/bin/../lib/gcc/arm-none-eabi/11.1.0/../../../../arm-none-eabi/lib/thumb\libg.a(lib_a-strtoul.o)
                0x000000000201aca4                strtoul
 .text.towctrans
                0x000000000201acc0       0x28 c:/devkitpro/devkitarm/bin/../lib/gcc/arm-none-eabi/11.1.0/../../../../arm-none-eabi/lib/thumb\libg.a(lib_a-towctrans.o)
                0x000000000201acc0                towctrans
 .text._wcsnrtombs_l
                0x000000000201ace8      0x110 c:/devkitpro/devkitarm/bin/../lib/gcc/arm-none-eabi/11.1.0/../../../../arm-none-eabi/lib/thumb\libg.a(lib_a-wcsnrtombs.o)
                0x000000000201ace8                _wcsnrtombs_l
 .text._wcsnrtombs_r
                0x000000000201adf8       0x30 c:/devkitpro/devkitarm/bin/../lib/gcc/arm-none-eabi/11.1.0/../../../../arm-none-eabi/lib/thumb\libg.a(lib_a-wcsnrtombs.o)
                0x000000000201adf8                _wcsnrtombs_r
 .text.__assert_func
                0x000000000201ae28       0x40 c:/devkitpro/devkitarm/bin/../lib/gcc/arm-none-eabi/11.1.0/../../../../arm-none-eabi/lib/thumb\libg.a(lib_a-assert.o)
                0x000000000201ae28                __assert_func
 .text.__env_lock
                0x000000000201ae68       0x14 c:/devkitpro/devkitarm/bin/../lib/gcc/arm-none-eabi/11.1.0/../../../../arm-none-eabi/lib/thumb\libg.a(lib_a-envlock.o)
                0x000000000201ae68                __env_lock
 .text.__env_unlock
                0x000000000201ae7c       0x14 c:/devkitpro/devkitarm/bin/../lib/gcc/arm-none-eabi/11.1.0/../../../../arm-none-eabi/lib/thumb\libg.a(lib_a-envlock.o)
                0x000000000201ae7c                __env_unlock
 .text.fiprintf
                0x000000000201ae90       0x28 c:/devkitpro/devkitarm/bin/../lib/gcc/arm-none-eabi/11.1.0/../../../../arm-none-eabi/lib/thumb\libg.a(lib_a-fiprintf.o)
                0x000000000201ae90                fiprintf
 .text.iswspace_l
                0x000000000201aeb8       0x2c c:/devkitpro/devkitarm/bin/../lib/gcc/arm-none-eabi/11.1.0/../../../../arm-none-eabi/lib/thumb\libg.a(lib_a-iswspace_l.o)
                0x000000000201aeb8                iswspace_l
 .text.__jp2uc  0x000000000201aee4      0x154 c:/devkitpro/devkitarm/bin/../lib/gcc/arm-none-eabi/11.1.0/../../../../arm-none-eabi/lib/thumb\libg.a(lib_a-jp2uc.o)
 .text._jp2uc_l
                0x000000000201b038       0x6c c:/devkitpro/devkitarm/bin/../lib/gcc/arm-none-eabi/11.1.0/../../../../arm-none-eabi/lib/thumb\libg.a(lib_a-jp2uc.o)
                0x000000000201b038                _jp2uc_l
 .text._uc2jp_l
                0x000000000201b0a4       0x4c c:/devkitpro/devkitarm/bin/../lib/gcc/arm-none-eabi/11.1.0/../../../../arm-none-eabi/lib/thumb\libg.a(lib_a-jp2uc.o)
                0x000000000201b0a4                _uc2jp_l
 .text.towctrans_l
                0x000000000201b0f0      0x1b4 c:/devkitpro/devkitarm/bin/../lib/gcc/arm-none-eabi/11.1.0/../../../../arm-none-eabi/lib/thumb\libg.a(lib_a-towctrans_l.o)
                0x000000000201b0f0                towctrans_l
 .text.abort    0x000000000201b2a4       0x10 c:/devkitpro/devkitarm/bin/../lib/gcc/arm-none-eabi/11.1.0/../../../../arm-none-eabi/lib/thumb\libg.a(lib_a-abort.o)
                0x000000000201b2a4                abort
 .text.category
                0x000000000201b2b4       0x54 c:/devkitpro/devkitarm/bin/../lib/gcc/arm-none-eabi/11.1.0/../../../../arm-none-eabi/lib/thumb\libg.a(lib_a-categories.o)
                0x000000000201b2b4                category
 .text._raise_r
                0x000000000201b308       0x64 c:/devkitpro/devkitarm/bin/../lib/gcc/arm-none-eabi/11.1.0/../../../../arm-none-eabi/lib/thumb\libg.a(lib_a-signal.o)
                0x000000000201b308                _raise_r
 .text.raise    0x000000000201b36c       0x14 c:/devkitpro/devkitarm/bin/../lib/gcc/arm-none-eabi/11.1.0/../../../../arm-none-eabi/lib/thumb\libg.a(lib_a-signal.o)
                0x000000000201b36c                raise
 .text.null_write
                0x000000000201b380        0x4 c:/devkitpro/devkitarm/bin/../lib/gcc/arm-none-eabi/11.1.0/../../../../arm-none-eabi/lib/thumb\libsysbase.a(iosupport.o)
 .text.setDefaultDevice
                0x000000000201b384       0x10 c:/devkitpro/devkitarm/bin/../lib/gcc/arm-none-eabi/11.1.0/../../../../arm-none-eabi/lib/thumb\libsysbase.a(iosupport.o)
                0x000000000201b384                setDefaultDevice
 .text.FindDevice
                0x000000000201b394       0x98 c:/devkitpro/devkitarm/bin/../lib/gcc/arm-none-eabi/11.1.0/../../../../arm-none-eabi/lib/thumb\libsysbase.a(iosupport.o)
                0x000000000201b394                FindDevice
 .text.AddDevice
                0x000000000201b42c       0x78 c:/devkitpro/devkitarm/bin/../lib/gcc/arm-none-eabi/11.1.0/../../../../arm-none-eabi/lib/thumb\libsysbase.a(iosupport.o)
                0x000000000201b42c                AddDevice
 .text.GetDeviceOpTab
                0x000000000201b4a4       0x20 c:/devkitpro/devkitarm/bin/../lib/gcc/arm-none-eabi/11.1.0/../../../../arm-none-eabi/lib/thumb\libsysbase.a(iosupport.o)
                0x000000000201b4a4                GetDeviceOpTab
 .text._fstat_r
                0x000000000201b4c4       0x4c c:/devkitpro/devkitarm/bin/../lib/gcc/arm-none-eabi/11.1.0/../../../../arm-none-eabi/lib/thumb\libsysbase.a(fstat.o)
                0x000000000201b4c4                _fstat_r
 .text._getpid_r
                0x000000000201b510        0xc c:/devkitpro/devkitarm/bin/../lib/gcc/arm-none-eabi/11.1.0/../../../../arm-none-eabi/lib/thumb\libsysbase.a(getpid.o)
                0x000000000201b510                _getpid_r
 .text._gettimeofday_r
                0x000000000201b51c       0x28 c:/devkitpro/devkitarm/bin/../lib/gcc/arm-none-eabi/11.1.0/../../../../arm-none-eabi/lib/thumb\libsysbase.a(gettod.o)
                0x000000000201b51c                _gettimeofday_r
 .text._isatty_r
                0x000000000201b544        0x4 c:/devkitpro/devkitarm/bin/../lib/gcc/arm-none-eabi/11.1.0/../../../../arm-none-eabi/lib/thumb\libsysbase.a(isatty.o)
                0x000000000201b544                _isatty_r
 .text._kill_r  0x000000000201b548        0xc c:/devkitpro/devkitarm/bin/../lib/gcc/arm-none-eabi/11.1.0/../../../../arm-none-eabi/lib/thumb\libsysbase.a(kill.o)
                0x000000000201b548                _kill_r
 .text._lseek_r
                0x000000000201b554       0x5c c:/devkitpro/devkitarm/bin/../lib/gcc/arm-none-eabi/11.1.0/../../../../arm-none-eabi/lib/thumb\libsysbase.a(lseek.o)
                0x000000000201b554                _lseek_r
 .text._open_r  0x000000000201b5b0       0x9c c:/devkitpro/devkitarm/bin/../lib/gcc/arm-none-eabi/11.1.0/../../../../arm-none-eabi/lib/thumb\libsysbase.a(open.o)
                0x000000000201b5b0                _open_r
 .text._read_r  0x000000000201b64c       0x50 c:/devkitpro/devkitarm/bin/../lib/gcc/arm-none-eabi/11.1.0/../../../../arm-none-eabi/lib/thumb\libsysbase.a(read.o)
                0x000000000201b64c                _read_r
 .text._sbrk_r  0x000000000201b69c       0x54 c:/devkitpro/devkitarm/bin/../lib/gcc/arm-none-eabi/11.1.0/../../../../arm-none-eabi/lib/thumb\libsysbase.a(sbrk.o)
                0x000000000201b69c                _sbrk_r
 .text._write_r
                0x000000000201b6f0       0x50 c:/devkitpro/devkitarm/bin/../lib/gcc/arm-none-eabi/11.1.0/../../../../arm-none-eabi/lib/thumb\libsysbase.a(write.o)
                0x000000000201b6f0                _write_r
 .text._exit    0x000000000201b740       0x18 c:/devkitpro/devkitarm/bin/../lib/gcc/arm-none-eabi/11.1.0/../../../../arm-none-eabi/lib/thumb\libsysbase.a(_exit.o)
                0x000000000201b740                _exit
 .text._concatenate_path
                0x000000000201b758      0x128 c:/devkitpro/devkitarm/bin/../lib/gcc/arm-none-eabi/11.1.0/../../../../arm-none-eabi/lib/thumb\libsysbase.a(chdir.o)
                0x000000000201b758                _concatenate_path
 .text.chdir    0x000000000201b880       0xf0 c:/devkitpro/devkitarm/bin/../lib/gcc/arm-none-eabi/11.1.0/../../../../arm-none-eabi/lib/thumb\libsysbase.a(chdir.o)
                0x000000000201b880                chdir
 .text.build_argv
                0x000000000201b970       0x4c c:/devkitpro/devkitarm/bin/../lib/gcc/arm-none-eabi/11.1.0/../../../../arm-none-eabi/lib/thumb\libsysbase.a(build_argv.o)
                0x000000000201b970                build_argv
 .text.__flockfile
                0x000000000201b9bc       0x10 c:/devkitpro/devkitarm/bin/../lib/gcc/arm-none-eabi/11.1.0/../../../../arm-none-eabi/lib/thumb\libsysbase.a(flock.o)
                0x000000000201b9bc                __flockfile
 .text.__funlockfile
                0x000000000201b9cc       0x10 c:/devkitpro/devkitarm/bin/../lib/gcc/arm-none-eabi/11.1.0/../../../../arm-none-eabi/lib/thumb\libsysbase.a(flock.o)
                0x000000000201b9cc                __funlockfile
 .text.__libc_lock_acquire
                0x000000000201b9dc       0x1c c:/devkitpro/devkitarm/bin/../lib/gcc/arm-none-eabi/11.1.0/../../../../arm-none-eabi/lib/thumb\libsysbase.a(syscall_support.o)
                0x000000000201b9dc                __libc_lock_acquire
 .text.__libc_lock_release
                0x000000000201b9f8       0x1c c:/devkitpro/devkitarm/bin/../lib/gcc/arm-none-eabi/11.1.0/../../../../arm-none-eabi/lib/thumb\libsysbase.a(syscall_support.o)
                0x000000000201b9f8                __libc_lock_release
 .text.__libc_lock_init_recursive
                0x000000000201ba14       0x1c c:/devkitpro/devkitarm/bin/../lib/gcc/arm-none-eabi/11.1.0/../../../../arm-none-eabi/lib/thumb\libsysbase.a(syscall_support.o)
                0x000000000201ba14                __libc_lock_init_recursive
 .text.__libc_lock_acquire_recursive
                0x000000000201ba30       0x1c c:/devkitpro/devkitarm/bin/../lib/gcc/arm-none-eabi/11.1.0/../../../../arm-none-eabi/lib/thumb\libsysbase.a(syscall_support.o)
                0x000000000201ba30                __libc_lock_acquire_recursive
 .text.__libc_lock_release_recursive
                0x000000000201ba4c       0x1c c:/devkitpro/devkitarm/bin/../lib/gcc/arm-none-eabi/11.1.0/../../../../arm-none-eabi/lib/thumb\libsysbase.a(syscall_support.o)
                0x000000000201ba4c                __libc_lock_release_recursive
 .text.__libc_lock_close_recursive
                0x000000000201ba68       0x1c c:/devkitpro/devkitarm/bin/../lib/gcc/arm-none-eabi/11.1.0/../../../../arm-none-eabi/lib/thumb\libsysbase.a(syscall_support.o)
                0x000000000201ba68                __libc_lock_close_recursive
 .text.__release_handle
                0x000000000201ba84       0x68 c:/devkitpro/devkitarm/bin/../lib/gcc/arm-none-eabi/11.1.0/../../../../arm-none-eabi/lib/thumb\libsysbase.a(handle_manager.o)
                0x000000000201ba84                __release_handle
 .text.__alloc_handle
                0x000000000201baec       0x80 c:/devkitpro/devkitarm/bin/../lib/gcc/arm-none-eabi/11.1.0/../../../../arm-none-eabi/lib/thumb\libsysbase.a(handle_manager.o)
                0x000000000201baec                __alloc_handle
 .text.__get_handle
                0x000000000201bb6c       0x34 c:/devkitpro/devkitarm/bin/../lib/gcc/arm-none-eabi/11.1.0/../../../../arm-none-eabi/lib/thumb\libsysbase.a(handle_manager.o)
                0x000000000201bb6c                __get_handle
 .text._close_r
                0x000000000201bba0       0xb8 c:/devkitpro/devkitarm/bin/../lib/gcc/arm-none-eabi/11.1.0/../../../../arm-none-eabi/lib/thumb\libsysbase.a(handle_manager.o)
                0x000000000201bba0                _close_r
 .text.__getreent
                0x000000000201bc58       0x28 c:/devkitpro/devkitarm/bin/../lib/gcc/arm-none-eabi/11.1.0/../../../../arm-none-eabi/lib/thumb\libsysbase.a(getreent.o)
                0x000000000201bc58                __getreent
 .text.__getreent.__stub
                0x000000000201bc80      0x110 linker stubs
 *(EXCLUDE_FILE(*.twl*) .gnu.warning)
 *(EXCLUDE_FILE(*.twl*) .gnu.linkonce.t*)
 *(.glue_7)
 .glue_7        0x000000000201bda0        0x0 linker stubs
 *(.glue_7t)
 .glue_7t       0x000000000201bda0        0x0 linker stubs
                0x000000000201bda0                . = ALIGN (0x4)

.vfp11_veneer   0x000000000201bda0        0x0
 .vfp11_veneer  0x000000000201bda0        0x0 linker stubs

.v4_bx          0x000000000201bda0        0x0
 .v4_bx         0x000000000201bda0        0x0 linker stubs

.iplt           0x000000000201bda0        0x0
 .iplt          0x000000000201bda0        0x0 c:/devkitpro/devkitarm/bin/../lib/gcc/arm-none-eabi/11.1.0/../../../../arm-none-eabi/lib/thumb/ds_arm9_crt0.o

.fini           0x000000000201bda0        0xc
 *(.fini)
 .fini          0x000000000201bda0        0x4 c:/devkitpro/devkitarm/bin/../lib/gcc/arm-none-eabi/11.1.0/thumb/crti.o
                0x000000000201bda0                _fini
 .fini          0x000000000201bda4        0x8 c:/devkitpro/devkitarm/bin/../lib/gcc/arm-none-eabi/11.1.0/thumb/crtn.o
                0x000000000201bdac                __text_end = .

.rodata         0x000000000201bdc0     0x9560
 *(EXCLUDE_FILE(*.twl*) .rodata)
 *all.rodata*(*)
 *(EXCLUDE_FILE(*.twl*) .roda)
 *(EXCLUDE_FILE(*.twl*) .rodata.*)
 .rodata.str1.4
                0x000000000201bdc0      0x364 keymain.o
                                        0x36c (size before relaxing)
 .rodata.log10.str1.4
                0x000000000201c124      0x364 c:/devkitpro/devkitarm/bin/../lib/gcc/arm-none-eabi/11.1.0/../../../../arm-none-eabi/lib/thumb\libm.a(lib_a-w_log10.o)
                                          0x1 (size before relaxing)
 *fill*         0x000000000201c124        0x4 ff
 .rodata.halF   0x000000000201c128       0x10 c:/devkitpro/devkitarm/bin/../lib/gcc/arm-none-eabi/11.1.0/../../../../arm-none-eabi/lib/thumb\libm.a(lib_a-e_exp.o)
 .rodata.ln2HI  0x000000000201c138       0x10 c:/devkitpro/devkitarm/bin/../lib/gcc/arm-none-eabi/11.1.0/../../../../arm-none-eabi/lib/thumb\libm.a(lib_a-e_exp.o)
 .rodata.ln2LO  0x000000000201c148       0x10 c:/devkitpro/devkitarm/bin/../lib/gcc/arm-none-eabi/11.1.0/../../../../arm-none-eabi/lib/thumb\libm.a(lib_a-e_exp.o)
 .rodata.fatMount.part.0.str1.4
                0x000000000201c158        0x2 C:/devkitPro/libnds/lib\libfat.a(libfat.o)
 *fill*         0x000000000201c15a        0x2 ff
 .rodata.fatInit.str1.4
                0x000000000201c15c        0x3 C:/devkitPro/libnds/lib\libfat.a(libfat.o)
 *fill*         0x000000000201c15f        0x1 ff
 .rodata.str1.4
                0x000000000201c160        0x4 C:/devkitPro/libnds/lib\libfat.a(libfat.o)
 .rodata.dotab_fat
                0x000000000201c164       0x70 C:/devkitPro/libnds/lib\libfat.a(libfat.o)
 .rodata.str1.4
                0x000000000201c1d4        0x3 C:/devkitPro/libnds/lib\libfat.a(disc.o)
                                          0x8 (size before relaxing)
 *fill*         0x000000000201c1d7        0x1 ff
 .rodata._FAT_disc_interfaces
                0x000000000201c1d8       0x18 C:/devkitPro/libnds/lib\libfat.a(disc.o)
                0x000000000201c1d8                _FAT_disc_interfaces
 .rodata._FAT_directory_entryFromPath.str1.4
                0x000000000201c1f0        0x7 C:/devkitPro/libnds/lib\libfat.a(directory.o)
 *fill*         0x000000000201c1f7        0x1 ff
 .rodata.ILLEGAL_ALIAS_CHARACTERS
                0x000000000201c1f8       0x12 C:/devkitPro/libnds/lib\libfat.a(directory.o)
 *fill*         0x000000000201c20a        0x2 ff
 .rodata.ILLEGAL_LFN_CHARACTERS
                0x000000000201c20c        0xa C:/devkitPro/libnds/lib\libfat.a(directory.o)
 *fill*         0x000000000201c216        0x2 ff
 .rodata.LFN_offset_table
                0x000000000201c218       0x34 C:/devkitPro/libnds/lib\libfat.a(directory.o)
 .rodata.FAT_SIG
                0x000000000201c24c        0x3 C:/devkitPro/libnds/lib\libfat.a(partition.o)
 *fill*         0x000000000201c24f        0x1 ff
 .rodata.FS_TWL_SIG
                0x000000000201c250        0x8 C:/devkitPro/libnds/lib\libfat.a(partition.o)
 .rodata.con_write.str1.4
                0x000000000201c258       0x30 C:/devkitPro/libnds/lib\libnds9.a(console.o)
 .rodata.con_write
                0x000000000201c288       0xd4 C:/devkitPro/libnds/lib\libnds9.a(console.o)
 .rodata.consoleClear.str1.4
                0x000000000201c35c        0x5 C:/devkitPro/libnds/lib\libnds9.a(console.o)
 *fill*         0x000000000201c361        0x3 ff
 .rodata.str1.4
                0x000000000201c364       0x14 C:/devkitPro/libnds/lib\libnds9.a(console.o)
 .rodata.dotab_stdout
                0x000000000201c378       0x70 C:/devkitPro/libnds/lib\libnds9.a(console.o)
 .rodata.SIN_LUT
                0x000000000201c3e8      0x102 C:/devkitPro/libnds/lib\libnds9.a(trig.o)
                0x000000000201c3e8                SIN_LUT
 *fill*         0x000000000201c4ea       0x16 ff
 .rodata.default_font_bin
                0x000000000201c500     0x2000 C:/devkitPro/libnds/lib\libnds9.a(default_font.bin.o)
                0x000000000201c500                default_font_bin
                0x000000000201e500                default_font_bin_end
 .rodata._ctype_
                0x000000000201e500      0x101 c:/devkitpro/devkitarm/bin/../lib/gcc/arm-none-eabi/11.1.0/../../../../arm-none-eabi/lib/thumb\libg.a(lib_a-ctype_.o)
                0x000000000201e500                _ctype_
 *fill*         0x000000000201e601        0x3 ff
 .rodata._global_impure_ptr
                0x000000000201e604        0x4 c:/devkitpro/devkitarm/bin/../lib/gcc/arm-none-eabi/11.1.0/../../../../arm-none-eabi/lib/thumb\libg.a(lib_a-impure.o)
                0x000000000201e604                _global_impure_ptr
 .rodata.str1.4
                0x000000000201e608       0x44 c:/devkitpro/devkitarm/bin/../lib/gcc/arm-none-eabi/11.1.0/../../../../arm-none-eabi/lib/thumb\libg.a(lib_a-locale.o)
                                         0x4c (size before relaxing)
 .rodata._mbrtowc_r.str1.4
                0x000000000201e64c        0x1 c:/devkitpro/devkitarm/bin/../lib/gcc/arm-none-eabi/11.1.0/../../../../arm-none-eabi/lib/thumb\libg.a(lib_a-mbrtowc.o)
 .rodata.DAYS_IN_MONTH
                0x000000000201e64c       0x30 c:/devkitpro/devkitarm/bin/../lib/gcc/arm-none-eabi/11.1.0/../../../../arm-none-eabi/lib/thumb\libg.a(lib_a-mktime.o)
 .rodata._DAYS_BEFORE_MONTH
                0x000000000201e67c       0x30 c:/devkitpro/devkitarm/bin/../lib/gcc/arm-none-eabi/11.1.0/../../../../arm-none-eabi/lib/thumb\libg.a(lib_a-mktime.o)
 .rodata.__month_lengths
                0x000000000201e6ac       0x60 c:/devkitpro/devkitarm/bin/../lib/gcc/arm-none-eabi/11.1.0/../../../../arm-none-eabi/lib/thumb\libg.a(lib_a-month_lengths.o)
                0x000000000201e6ac                __month_lengths
 .rodata.basefix.0
                0x000000000201e70c       0x22 c:/devkitpro/devkitarm/bin/../lib/gcc/arm-none-eabi/11.1.0/../../../../arm-none-eabi/lib/thumb\libg.a(lib_a-svfiscanf.o)
 *fill*         0x000000000201e72e        0x2 ff
 .rodata._tzset_unlocked_r.str1.4
                0x000000000201e730       0x53 c:/devkitpro/devkitarm/bin/../lib/gcc/arm-none-eabi/11.1.0/../../../../arm-none-eabi/lib/thumb\libg.a(lib_a-tzset_r.o)
 .rodata.str1.4
                0x000000000201e783        0x4 c:/devkitpro/devkitarm/bin/../lib/gcc/arm-none-eabi/11.1.0/../../../../arm-none-eabi/lib/thumb\libg.a(lib_a-tzvars.o)
 .rodata._vfiprintf_r.str1.1
                0x000000000201e783       0x29 c:/devkitpro/devkitarm/bin/../lib/gcc/arm-none-eabi/11.1.0/../../../../arm-none-eabi/lib/thumb\libg.a(lib_a-vfiprintf.o)
 .rodata.blanks.1
                0x000000000201e7ac       0x10 c:/devkitpro/devkitarm/bin/../lib/gcc/arm-none-eabi/11.1.0/../../../../arm-none-eabi/lib/thumb\libg.a(lib_a-vfiprintf.o)
 .rodata.zeroes.0
                0x000000000201e7bc       0x10 c:/devkitpro/devkitarm/bin/../lib/gcc/arm-none-eabi/11.1.0/../../../../arm-none-eabi/lib/thumb\libg.a(lib_a-vfiprintf.o)
 .rodata._vfprintf_r.str1.1
                0x000000000201e7cc       0x12 c:/devkitpro/devkitarm/bin/../lib/gcc/arm-none-eabi/11.1.0/../../../../arm-none-eabi/lib/thumb\libg.a(lib_a-vfprintf.o)
                                         0x3b (size before relaxing)
 *fill*         0x000000000201e7de        0x2 ff
 .rodata.blanks.1
                0x000000000201e7e0       0x10 c:/devkitpro/devkitarm/bin/../lib/gcc/arm-none-eabi/11.1.0/../../../../arm-none-eabi/lib/thumb\libg.a(lib_a-vfprintf.o)
 .rodata.zeroes.0
                0x000000000201e7f0       0x10 c:/devkitpro/devkitarm/bin/../lib/gcc/arm-none-eabi/11.1.0/../../../../arm-none-eabi/lib/thumb\libg.a(lib_a-vfprintf.o)
 .rodata._dtoa_r.str1.4
                0x000000000201e800       0x64 c:/devkitpro/devkitarm/bin/../lib/gcc/arm-none-eabi/11.1.0/../../../../arm-none-eabi/lib/thumb\libg.a(lib_a-dtoa.o)
 .rodata.__multadd.str1.4
                0x000000000201e864       0x3d c:/devkitpro/devkitarm/bin/../lib/gcc/arm-none-eabi/11.1.0/../../../../arm-none-eabi/lib/thumb\libg.a(lib_a-mprec.o)
                                         0x51 (size before relaxing)
 *fill*         0x000000000201e8a1        0x7 ff
 .rodata.__mprec_bigtens
                0x000000000201e8a8       0x28 c:/devkitpro/devkitarm/bin/../lib/gcc/arm-none-eabi/11.1.0/../../../../arm-none-eabi/lib/thumb\libg.a(lib_a-mprec.o)
                0x000000000201e8a8                __mprec_bigtens
 .rodata.__mprec_tens
                0x000000000201e8d0       0xc8 c:/devkitpro/devkitarm/bin/../lib/gcc/arm-none-eabi/11.1.0/../../../../arm-none-eabi/lib/thumb\libg.a(lib_a-mprec.o)
                0x000000000201e8d0                __mprec_tens
 .rodata.p05.0  0x000000000201e998        0xc c:/devkitpro/devkitarm/bin/../lib/gcc/arm-none-eabi/11.1.0/../../../../arm-none-eabi/lib/thumb\libg.a(lib_a-mprec.o)
 .rodata.__action_table
                0x000000000201e9a4       0x6c c:/devkitpro/devkitarm/bin/../lib/gcc/arm-none-eabi/11.1.0/../../../../arm-none-eabi/lib/thumb\libg.a(lib_a-svfiprintf.o)
                0x000000000201e9a4                __action_table
 .rodata.__chclass
                0x000000000201ea10      0x100 c:/devkitpro/devkitarm/bin/../lib/gcc/arm-none-eabi/11.1.0/../../../../arm-none-eabi/lib/thumb\libg.a(lib_a-svfiprintf.o)
                0x000000000201ea10                __chclass
 .rodata.__state_table
                0x000000000201eb10       0x6c c:/devkitpro/devkitarm/bin/../lib/gcc/arm-none-eabi/11.1.0/../../../../arm-none-eabi/lib/thumb\libg.a(lib_a-svfiprintf.o)
                0x000000000201eb10                __state_table
 .rodata.__assert_func.str1.4
                0x000000000201eb7c       0x3f c:/devkitpro/devkitarm/bin/../lib/gcc/arm-none-eabi/11.1.0/../../../../arm-none-eabi/lib/thumb\libg.a(lib_a-assert.o)
                                         0x43 (size before relaxing)
 *fill*         0x000000000201ebbb        0x1 ff
 .rodata.__jp2uc
                0x000000000201ebbc       0x20 c:/devkitpro/devkitarm/bin/../lib/gcc/arm-none-eabi/11.1.0/../../../../arm-none-eabi/lib/thumb\libg.a(lib_a-jp2uc.o)
 .rodata._jp2uc_l.str1.4
                0x000000000201ebdc       0x12 c:/devkitpro/devkitarm/bin/../lib/gcc/arm-none-eabi/11.1.0/../../../../arm-none-eabi/lib/thumb\libg.a(lib_a-jp2uc.o)
 *fill*         0x000000000201ebee        0x2 ff
 .rodata.a1     0x000000000201ebf0       0xbc c:/devkitpro/devkitarm/bin/../lib/gcc/arm-none-eabi/11.1.0/../../../../arm-none-eabi/lib/thumb\libg.a(lib_a-jp2uc.o)
 .rodata.a2     0x000000000201ecac       0xbc c:/devkitpro/devkitarm/bin/../lib/gcc/arm-none-eabi/11.1.0/../../../../arm-none-eabi/lib/thumb\libg.a(lib_a-jp2uc.o)
 .rodata.a3     0x000000000201ed68       0x5b c:/devkitpro/devkitarm/bin/../lib/gcc/arm-none-eabi/11.1.0/../../../../arm-none-eabi/lib/thumb\libg.a(lib_a-jp2uc.o)
 *fill*         0x000000000201edc3        0x1 ff
 .rodata.a6     0x000000000201edc4       0x70 c:/devkitpro/devkitarm/bin/../lib/gcc/arm-none-eabi/11.1.0/../../../../arm-none-eabi/lib/thumb\libg.a(lib_a-jp2uc.o)
 .rodata.a7     0x000000000201ee34       0xa2 c:/devkitpro/devkitarm/bin/../lib/gcc/arm-none-eabi/11.1.0/../../../../arm-none-eabi/lib/thumb\libg.a(lib_a-jp2uc.o)
 *fill*         0x000000000201eed6        0x2 ff
 .rodata.a8     0x000000000201eed8       0x40 c:/devkitpro/devkitarm/bin/../lib/gcc/arm-none-eabi/11.1.0/../../../../arm-none-eabi/lib/thumb\libg.a(lib_a-jp2uc.o)
 .rodata.b02cf  0x000000000201ef18     0x172a c:/devkitpro/devkitarm/bin/../lib/gcc/arm-none-eabi/11.1.0/../../../../arm-none-eabi/lib/thumb\libg.a(lib_a-jp2uc.o)
 *fill*         0x0000000002020642        0x2 ff
 .rodata.d02f4  0x0000000002020644     0x1a7c c:/devkitpro/devkitarm/bin/../lib/gcc/arm-none-eabi/11.1.0/../../../../arm-none-eabi/lib/thumb\libg.a(lib_a-jp2uc.o)
 .rodata.categories
                0x00000000020220c0     0x31e6 c:/devkitpro/devkitarm/bin/../lib/gcc/arm-none-eabi/11.1.0/../../../../arm-none-eabi/lib/thumb\libg.a(lib_a-categories.o)
 *fill*         0x00000000020252a6        0x2 ff
 .rodata.AddDevice.str1.4
                0x00000000020252a8        0x8 c:/devkitpro/devkitarm/bin/../lib/gcc/arm-none-eabi/11.1.0/../../../../arm-none-eabi/lib/thumb\libsysbase.a(iosupport.o)
 .rodata.dotab_stdnull
                0x00000000020252b0       0x70 c:/devkitpro/devkitarm/bin/../lib/gcc/arm-none-eabi/11.1.0/../../../../arm-none-eabi/lib/thumb\libsysbase.a(iosupport.o)
                0x00000000020252b0                dotab_stdnull
 *(EXCLUDE_FILE(*.twl*) .gnu.linkonce.r*)
                0x0000000002025320                . = ALIGN (0x4)

.ARM.extab
 *(.ARM.extab* .gnu.linkonce.armextab.*)
                0x0000000002025320                __exidx_start = .

ARM.exidx
 *(.ARM.exidx* .gnu.linkonce.armexidx.*)
                0x0000000002025320                __exidx_end = .
                0x0000000002025320                . = ALIGN (0x4)
                0x0000000002025320                PROVIDE (__preinit_array_start = .)

.preinit_array
 *(.preinit_array)
                0x0000000002025320                PROVIDE (__preinit_array_end = .)
                0x0000000002025320                PROVIDE (__init_array_start = .)

.init_array     0x0000000002025320        0x4
 *(SORT_BY_NAME(.init_array.*))
 *(.init_array)
 .init_array    0x0000000002025320        0x4 c:/devkitpro/devkitarm/bin/../lib/gcc/arm-none-eabi/11.1.0/thumb/crtbegin.o
                0x0000000002025324                PROVIDE (__init_array_end = .)
                [!provide]                        PROVIDE (__fini_array_start = .)

.fini_array     0x0000000002025324        0x4
 *(.fini_array)
 .fini_array    0x0000000002025324        0x4 c:/devkitpro/devkitarm/bin/../lib/gcc/arm-none-eabi/11.1.0/thumb/crtbegin.o
 *(SORT_BY_NAME(.fini_array.*))
                [!provide]                        PROVIDE (__fini_array_end = .)

.ctors          0x0000000002025328        0x0
 *crtbegin.o(.ctors)
 *(EXCLUDE_FILE(*crtend.o) .ctors)
 *(SORT_BY_NAME(.ctors.*))
 *(.ctors)
                0x0000000002025328                . = ALIGN (0x4)

.dtors          0x0000000002025328        0x0
 *crtbegin.o(.dtors)
 *(EXCLUDE_FILE(*crtend.o) .dtors)
 *(SORT_BY_NAME(.dtors.*))
 *(.dtors)
                0x0000000002025328                . = ALIGN (0x4)

.eh_frame       0x0000000002025328        0x4
 *(.eh_frame)
 .eh_frame      0x0000000002025328        0x0 c:/devkitpro/devkitarm/bin/../lib/gcc/arm-none-eabi/11.1.0/thumb/crtbegin.o
 .eh_frame      0x0000000002025328        0x4 c:/devkitpro/devkitarm/bin/../lib/gcc/arm-none-eabi/11.1.0/thumb/crtend.o
                0x000000000202532c                . = ALIGN (0x4)

.gcc_except_table
                0x000000000202532c        0x0
 *(.gcc_except_table)
                0x000000000202532c                . = ALIGN (0x4)

.jcr
 *(.jcr)

.got
 *(.got.plt)
 *(.got)
 *(.rel.got)

.ewram          0x000000000202532c        0x0
                0x000000000202532c                __ewram_start = ABSOLUTE (.)
 *(.ewram)
 *ewram.*(.text)
                0x000000000202532c                . = ALIGN (0x4)

.data           0x000000000202532c     0x2780
                0x000000000202532c                __data_start = ABSOLUTE (.)
 *(EXCLUDE_FILE(*.twl*) .data)